
Optional file libmchp_peripheral.a not found

Optional file libmchp_peripheral_32MX250F128B.a not found
Archive member included because of file (symbol)

/Applications/Microchip/XC32/bin/bin/../../lib/gcc/pic32mx/4.8.3/../../../../pic32mx/lib/libpic32.a(default-bootstrap-exception-handler.o)
                              /Applications/Microchip/XC32/bin/bin/../../lib/gcc/pic32mx/4.8.3/../../../../pic32mx/lib/./proc/32MX250F128B/crt0_mips32r2.o (_bootstrap_exception_handler)
/Applications/Microchip/XC32/bin/bin/../../lib/gcc/pic32mx/4.8.3/../../../../pic32mx/lib/libpic32.a(default-on-reset.o)
                              /Applications/Microchip/XC32/bin/bin/../../lib/gcc/pic32mx/4.8.3/../../../../pic32mx/lib/./proc/32MX250F128B/crt0_mips32r2.o (_on_reset)
/Applications/Microchip/XC32/bin/bin/../../lib/gcc/pic32mx/4.8.3/../../../../pic32mx/lib/libpic32.a(default-on-bootstrap.o)
                              /Applications/Microchip/XC32/bin/bin/../../lib/gcc/pic32mx/4.8.3/../../../../pic32mx/lib/./proc/32MX250F128B/crt0_mips32r2.o (_on_bootstrap)
/Applications/Microchip/XC32/bin/bin/../../lib/gcc/pic32mx/4.8.3/../../../../pic32mx/lib/libpic32.a(default-nmi-handler.o)
                              /Applications/Microchip/XC32/bin/bin/../../lib/gcc/pic32mx/4.8.3/../../../../pic32mx/lib/./proc/32MX250F128B/crt0_mips32r2.o (_nmi_handler)
/Applications/Microchip/XC32/bin/bin/../../lib/gcc/pic32mx/4.8.3/../../../../pic32mx/lib/libpic32.a(general-exception.o)
                              /Applications/Microchip/XC32/bin/bin/../../lib/gcc/pic32mx/4.8.3/../../../../pic32mx/lib/./proc/32MX250F128B/crt0_mips32r2.o (_general_exception_context)
/Applications/Microchip/XC32/bin/bin/../../lib/gcc/pic32mx/4.8.3/../../../../pic32mx/lib/libpic32.a(vector0.o)
                              /Applications/Microchip/XC32/bin/bin/../../lib/gcc/pic32mx/4.8.3/../../../../pic32mx/lib/./proc/32MX250F128B/default_isr_vectors.o (__vector_dispatch_0)
/Applications/Microchip/XC32/bin/bin/../../lib/gcc/pic32mx/4.8.3/../../../../pic32mx/lib/libpic32.a(vector1.o)
                              /Applications/Microchip/XC32/bin/bin/../../lib/gcc/pic32mx/4.8.3/../../../../pic32mx/lib/./proc/32MX250F128B/default_isr_vectors.o (__vector_dispatch_1)
/Applications/Microchip/XC32/bin/bin/../../lib/gcc/pic32mx/4.8.3/../../../../pic32mx/lib/libpic32.a(vector2.o)
                              /Applications/Microchip/XC32/bin/bin/../../lib/gcc/pic32mx/4.8.3/../../../../pic32mx/lib/./proc/32MX250F128B/default_isr_vectors.o (__vector_dispatch_2)
/Applications/Microchip/XC32/bin/bin/../../lib/gcc/pic32mx/4.8.3/../../../../pic32mx/lib/libpic32.a(vector3.o)
                              /Applications/Microchip/XC32/bin/bin/../../lib/gcc/pic32mx/4.8.3/../../../../pic32mx/lib/./proc/32MX250F128B/default_isr_vectors.o (__vector_dispatch_3)
/Applications/Microchip/XC32/bin/bin/../../lib/gcc/pic32mx/4.8.3/../../../../pic32mx/lib/libpic32.a(vector4.o)
                              /Applications/Microchip/XC32/bin/bin/../../lib/gcc/pic32mx/4.8.3/../../../../pic32mx/lib/./proc/32MX250F128B/default_isr_vectors.o (__vector_dispatch_4)
/Applications/Microchip/XC32/bin/bin/../../lib/gcc/pic32mx/4.8.3/../../../../pic32mx/lib/libpic32.a(vector5.o)
                              /Applications/Microchip/XC32/bin/bin/../../lib/gcc/pic32mx/4.8.3/../../../../pic32mx/lib/./proc/32MX250F128B/default_isr_vectors.o (__vector_dispatch_5)
/Applications/Microchip/XC32/bin/bin/../../lib/gcc/pic32mx/4.8.3/../../../../pic32mx/lib/libpic32.a(vector6.o)
                              /Applications/Microchip/XC32/bin/bin/../../lib/gcc/pic32mx/4.8.3/../../../../pic32mx/lib/./proc/32MX250F128B/default_isr_vectors.o (__vector_dispatch_6)
/Applications/Microchip/XC32/bin/bin/../../lib/gcc/pic32mx/4.8.3/../../../../pic32mx/lib/libpic32.a(vector7.o)
                              /Applications/Microchip/XC32/bin/bin/../../lib/gcc/pic32mx/4.8.3/../../../../pic32mx/lib/./proc/32MX250F128B/default_isr_vectors.o (__vector_dispatch_7)
/Applications/Microchip/XC32/bin/bin/../../lib/gcc/pic32mx/4.8.3/../../../../pic32mx/lib/libpic32.a(vector8.o)
                              /Applications/Microchip/XC32/bin/bin/../../lib/gcc/pic32mx/4.8.3/../../../../pic32mx/lib/./proc/32MX250F128B/default_isr_vectors.o (__vector_dispatch_8)
/Applications/Microchip/XC32/bin/bin/../../lib/gcc/pic32mx/4.8.3/../../../../pic32mx/lib/libpic32.a(vector9.o)
                              /Applications/Microchip/XC32/bin/bin/../../lib/gcc/pic32mx/4.8.3/../../../../pic32mx/lib/./proc/32MX250F128B/default_isr_vectors.o (__vector_dispatch_9)
/Applications/Microchip/XC32/bin/bin/../../lib/gcc/pic32mx/4.8.3/../../../../pic32mx/lib/libpic32.a(vector10.o)
                              /Applications/Microchip/XC32/bin/bin/../../lib/gcc/pic32mx/4.8.3/../../../../pic32mx/lib/./proc/32MX250F128B/default_isr_vectors.o (__vector_dispatch_10)
[...]
Memory Configuration

Name             Origin             Length             Attributes
kseg0_program_mem 0x9d000000         0x0001f000         xr
exception_mem    0x9d01f000         0x00001000
debug_exec_mem   0x9fc00490         0x00000760
kseg0_boot_mem   0x9fc00490         0x00000000
kseg1_boot_mem   0xbfc00000         0x00000490
config3          0xbfc00bf0         0x00000004
config2          0xbfc00bf4         0x00000004
config1          0xbfc00bf8         0x00000004
config0          0xbfc00bfc         0x00000004
kseg1_data_mem   0xa0000000         0x00008000         w !x
sfrs             0xbf800000         0x00100000
configsfrs       0xbfc00bf0         0x00000010
*default*        0x00000000         0xffffffff

Linker script and memory map

LOAD /Applications/Microchip/XC32/bin/bin/../../lib/gcc/pic32mx/4.8.3/../../../../pic32mx/lib/./proc/32MX250F128B/crt0_mips32r2.o
LOAD /Applications/Microchip/XC32/bin/bin/../../lib/gcc/pic32mx/4.8.3/../../../../pic32mx/lib/debug-exception-return.o
LOAD build/pic32mx795_pim_e16_int_dyn/production/_ext/1252289623/sys_clk_static.o
LOAD build/pic32mx795_pim_e16_int_dyn/production/_ext/633097401/sys_ports_static.o
LOAD build/pic32mx795_pim_e16_int_dyn/production/_ext/1856320864/system_init.o
LOAD build/pic32mx795_pim_e16_int_dyn/production/_ext/1856320864/system_interrupt.o
LOAD build/pic32mx795_pim_e16_int_dyn/production/_ext/1856320864/system_exceptions.o
LOAD build/pic32mx795_pim_e16_int_dyn/production/_ext/1856320864/system_tasks.o
LOAD build/pic32mx795_pim_e16_int_dyn/production/_ext/1360937237/app.o
LOAD build/pic32mx795_pim_e16_int_dyn/production/_ext/1360937237/main.o
LOAD build/pic32mx795_pim_e16_int_dyn/production/_ext/1360937237/motor_control.o
LOAD build/pic32mx795_pim_e16_int_dyn/production/_ext/819416189/bsp_sys_init.o
LOAD build/pic32mx795_pim_e16_int_dyn/production/_ext/1927798604/drv_usart.o
LOAD build/pic32mx795_pim_e16_int_dyn/production/_ext/1927798604/drv_usart_read_write.o
LOAD build/pic32mx795_pim_e16_int_dyn/production/_ext/1585079243/drv_usbfs.o
LOAD build/pic32mx795_pim_e16_int_dyn/production/_ext/1585079243/drv_usbfs_device.o
LOAD build/pic32mx795_pim_e16_int_dyn/production/_ext/912498863/sys_devcon.o
LOAD build/pic32mx795_pim_e16_int_dyn/production/_ext/912498863/sys_devcon_pic32mx.o
LOAD build/pic32mx795_pim_e16_int_dyn/production/_ext/711155467/sys_int_pic32.o
LOAD build/pic32mx795_pim_e16_int_dyn/production/_ext/1653354328/sys_ports.o
LOAD build/pic32mx795_pim_e16_int_dyn/production/_ext/692885480/usb_device.o
LOAD build/pic32mx795_pim_e16_int_dyn/production/_ext/692885480/usb_device_cdc.o
LOAD build/pic32mx795_pim_e16_int_dyn/production/_ext/692885480/usb_device_cdc_acm.o
LOAD ../../../../../../bin/framework/peripheral/PIC32MX795F512L_peripherals.a
                0x00000001                __MPLAB_BUILD = 0x1
                0x00000000                _min_heap_size = 0x0
LOAD /Applications/Microchip/XC32/bin/bin/../../lib/gcc/pic32mx/4.8.3/../../../../pic32mx/lib/./proc/32MX250F128B/default_isr_vectors.o
LOAD /Applications/Microchip/XC32/bin/bin/../../lib/gcc/pic32mx/4.8.3/../../../../pic32mx/lib/pic32_software_reset.o
                0x00000400                PROVIDE (_min_stack_size, 0x400)
LOAD /Applications/Microchip/XC32/bin/bin/../../lib/gcc/pic32mx/4.8.3/../../../../pic32mx/lib/./proc/32MX250F128B/processor.o
START GROUP
LOAD libmchp_peripheral.a
END GROUP
START GROUP
LOAD libmchp_peripheral_32MX250F128B.a
END GROUP
                0x00000001                PROVIDE (_vector_spacing, 0x1)
                0x9d01f000                _ebase_address = 0x9d01f000
                0xbfc00000                _RESET_ADDR = 0xbfc00000
                0xbfc00380                _BEV_EXCPT_ADDR = 0xbfc00380
                0xbfc00480                _DBG_EXCPT_ADDR = 0xbfc00480
                0x9fc00490                _DBG_CODE_ADDR = 0x9fc00490
                0x00000760                _DBG_CODE_SIZE = 0x760
                0x9d01f180                _GEN_EXCPT_ADDR = (_ebase_address + 0x180)

.config_BFC00BF0
                0xbfc00bf0        0x4
 *(.config_BFC00BF0)
 .config_BFC00BF0
                0xbfc00bf0        0x4 build/pic32mx795_pim_e16_int_dyn/production/_ext/1856320864/system_init.o

.config_BFC00BF4
                0xbfc00bf4        0x4
 *(.config_BFC00BF4)
 .config_BFC00BF4
                0xbfc00bf4        0x4 build/pic32mx795_pim_e16_int_dyn/production/_ext/1856320864/system_init.o

.config_BFC00BF8
                0xbfc00bf8        0x4
 *(.config_BFC00BF8)
 .config_BFC00BF8
                0xbfc00bf8        0x4 build/pic32mx795_pim_e16_int_dyn/production/_ext/1856320864/system_init.o

.config_BFC00BFC
                0xbfc00bfc        0x4
 *(.config_BFC00BFC)
 .config_BFC00BFC
                0xbfc00bfc        0x4 build/pic32mx795_pim_e16_int_dyn/production/_ext/1856320864/system_init.o
                0xbfc02000                PROVIDE (_DBG_CODE_ADDR, 0xbfc02000)
                0x00000ff0                PROVIDE (_DBG_CODE_SIZE, 0xff0)

.reset          0xbfc00000      0x1d0
 *(.reset)
 .reset         0xbfc00000        0x8 /Applications/Microchip/XC32/bin/bin/../../lib/gcc/pic32mx/4.8.3/../../../../pic32mx/lib/./proc/32MX250F128B/crt0_mips32r2.o
                0xbfc00000                _reset
 *(.reset.startup)
 .reset.startup
                0xbfc00008      0x1c8 /Applications/Microchip/XC32/bin/bin/../../lib/gcc/pic32mx/4.8.3/../../../../pic32mx/lib/./proc/32MX250F128B/crt0_mips32r2.o

.bev_excpt      0xbfc00380       0x10
 *(.bev_handler)
 .bev_handler   0xbfc00380       0x10 /Applications/Microchip/XC32/bin/bin/../../lib/gcc/pic32mx/4.8.3/../../../../pic32mx/lib/./proc/32MX250F128B/crt0_mips32r2.o

.dbg_excpt      0xbfc00480        0x0
                0xbfc00480                . = (. + DEFINED (_DEBUGGER)?0x8:0x0)

.dbg_code       0x9fc00490        0x0
                0x9fc00490                . = (. + DEFINED (_DEBUGGER)?_DBG_CODE_SIZE:0x0)

.app_excpt      0x9d01f180       0x10
 *(.gen_handler)
 .gen_handler   0x9d01f180       0x10 /Applications/Microchip/XC32/bin/bin/../../lib/gcc/pic32mx/4.8.3/../../../../pic32mx/lib/./proc/32MX250F128B/crt0_mips32r2.o

.vector_0       0x9d01f200        0x8
 *(.vector_0)
 .vector_0      0x9d01f200        0x8 /Applications/Microchip/XC32/bin/bin/../../lib/gcc/pic32mx/4.8.3/../../../../pic32mx/lib/libpic32.a(vector0.o)
                0x9d01f200                __vector_dispatch_0
                0x00000001                ASSERT (((_vector_spacing == 0x0) || (SIZEOF (.vector_0) <= (_vector_spacing << 0x5))), function at exception vector 0 too large)

.vector_1       0x9d01f220        0x8
 *(.vector_1)
 .vector_1      0x9d01f220        0x8 /Applications/Microchip/XC32/bin/bin/../../lib/gcc/pic32mx/4.8.3/../../../../pic32mx/lib/libpic32.a(vector1.o)
                0x9d01f220                __vector_dispatch_1
                0x00000001                ASSERT (((_vector_spacing == 0x0) || (SIZEOF (.vector_1) <= (_vector_spacing << 0x5))), function at exception vector 1 too large)

.vector_2       0x9d01f240        0x8
 *(.vector_2)
 .vector_2      0x9d01f240        0x8 /Applications/Microchip/XC32/bin/bin/../../lib/gcc/pic32mx/4.8.3/../../../../pic32mx/lib/libpic32.a(vector2.o)
                0x9d01f240                __vector_dispatch_2
                0x00000001                ASSERT (((_vector_spacing == 0x0) || (SIZEOF (.vector_2) <= (_vector_spacing << 0x5))), function at exception vector 2 too large)

.vector_3       0x9d01f260        0x8
 *(.vector_3)
 .vector_3      0x9d01f260        0x8 /Applications/Microchip/XC32/bin/bin/../../lib/gcc/pic32mx/4.8.3/../../../../pic32mx/lib/libpic32.a(vector3.o)
                0x9d01f260                __vector_dispatch_3
                0x00000001                ASSERT (((_vector_spacing == 0x0) || (SIZEOF (.vector_3) <= (_vector_spacing << 0x5))), function at exception vector 3 too large)

.vector_4       0x9d01f280        0x8
 *(.vector_4)
 .vector_4      0x9d01f280        0x8 /Applications/Microchip/XC32/bin/bin/../../lib/gcc/pic32mx/4.8.3/../../../../pic32mx/lib/libpic32.a(vector4.o)
                0x9d01f280                __vector_dispatch_4
                0x00000001                ASSERT (((_vector_spacing == 0x0) || (SIZEOF (.vector_4) <= (_vector_spacing << 0x5))), function at exception vector 4 too large)

.vector_5       0x9d01f2a0        0x8
 *(.vector_5)
 .vector_5      0x9d01f2a0        0x8 /Applications/Microchip/XC32/bin/bin/../../lib/gcc/pic32mx/4.8.3/../../../../pic32mx/lib/libpic32.a(vector5.o)
                0x9d01f2a0                __vector_dispatch_5
                0x00000001                ASSERT (((_vector_spacing == 0x0) || (SIZEOF (.vector_5) <= (_vector_spacing << 0x5))), function at exception vector 5 too large)

.vector_6       0x9d01f2c0        0x8
 *(.vector_6)
 .vector_6      0x9d01f2c0        0x8 /Applications/Microchip/XC32/bin/bin/../../lib/gcc/pic32mx/4.8.3/../../../../pic32mx/lib/libpic32.a(vector6.o)
                0x9d01f2c0                __vector_dispatch_6
                0x00000001                ASSERT (((_vector_spacing == 0x0) || (SIZEOF (.vector_6) <= (_vector_spacing << 0x5))), function at exception vector 6 too large)

.vector_7       0x9d01f2e0        0x8
 *(.vector_7)
 .vector_7      0x9d01f2e0        0x8 /Applications/Microchip/XC32/bin/bin/../../lib/gcc/pic32mx/4.8.3/../../../../pic32mx/lib/libpic32.a(vector7.o)
                0x9d01f2e0                __vector_dispatch_7
                0x00000001                ASSERT (((_vector_spacing == 0x0) || (SIZEOF (.vector_7) <= (_vector_spacing << 0x5))), function at exception vector 7 too large)

.vector_8       0x9d01f300        0x8
 *(.vector_8)
 .vector_8      0x9d01f300        0x8 /Applications/Microchip/XC32/bin/bin/../../lib/gcc/pic32mx/4.8.3/../../../../pic32mx/lib/libpic32.a(vector8.o)
                0x9d01f300                __vector_dispatch_8
                0x00000001                ASSERT (((_vector_spacing == 0x0) || (SIZEOF (.vector_8) <= (_vector_spacing << 0x5))), function at exception vector 8 too large)

.vector_9       0x9d01f320        0x8
 *(.vector_9)
 .vector_9      0x9d01f320        0x8 /Applications/Microchip/XC32/bin/bin/../../lib/gcc/pic32mx/4.8.3/../../../../pic32mx/lib/libpic32.a(vector9.o)
                0x9d01f320                __vector_dispatch_9
                0x00000001                ASSERT (((_vector_spacing == 0x0) || (SIZEOF (.vector_9) <= (_vector_spacing << 0x5))), function at exception vector 9 too large)

.vector_10      0x9d01f340        0x8
 *(.vector_10)
 .vector_10     0x9d01f340        0x8 /Applications/Microchip/XC32/bin/bin/../../lib/gcc/pic32mx/4.8.3/../../../../pic32mx/lib/libpic32.a(vector10.o)
                0x9d01f340                __vector_dispatch_10
                0x00000001                ASSERT (((_vector_spacing == 0x0) || (SIZEOF (.vector_10) <= (_vector_spacing << 0x5))), function at exception vector 10 too large)

.vector_11      0x9d01f360        0x8
 *(.vector_11)
 .vector_11     0x9d01f360        0x8 /Applications/Microchip/XC32/bin/bin/../../lib/gcc/pic32mx/4.8.3/../../../../pic32mx/lib/libpic32.a(vector11.o)
                0x9d01f360                __vector_dispatch_11
                0x00000001                ASSERT (((_vector_spacing == 0x0) || (SIZEOF (.vector_11) <= (_vector_spacing << 0x5))), function at exception vector 11 too large)

.vector_12      0x9d01f380        0x8
 *(.vector_12)
 .vector_12     0x9d01f380        0x8 /Applications/Microchip/XC32/bin/bin/../../lib/gcc/pic32mx/4.8.3/../../../../pic32mx/lib/libpic32.a(vector12.o)
                0x9d01f380                __vector_dispatch_12
                0x00000001                ASSERT (((_vector_spacing == 0x0) || (SIZEOF (.vector_12) <= (_vector_spacing << 0x5))), function at exception vector 12 too large)

.vector_13      0x9d01f3a0        0x8
 *(.vector_13)
 .vector_13     0x9d01f3a0        0x8 /Applications/Microchip/XC32/bin/bin/../../lib/gcc/pic32mx/4.8.3/../../../../pic32mx/lib/libpic32.a(vector13.o)
                0x9d01f3a0                __vector_dispatch_13
                0x00000001                ASSERT (((_vector_spacing == 0x0) || (SIZEOF (.vector_13) <= (_vector_spacing << 0x5))), function at exception vector 13 too large)

.vector_14      0x9d01f3c0        0x8
 *(.vector_14)
 .vector_14     0x9d01f3c0        0x8 /Applications/Microchip/XC32/bin/bin/../../lib/gcc/pic32mx/4.8.3/../../../../pic32mx/lib/libpic32.a(vector14.o)
                0x9d01f3c0                __vector_dispatch_14
                0x00000001                ASSERT (((_vector_spacing == 0x0) || (SIZEOF (.vector_14) <= (_vector_spacing << 0x5))), function at exception vector 14 too large)

.vector_15      0x9d01f3e0        0x8
 *(.vector_15)
 .vector_15     0x9d01f3e0        0x8 /Applications/Microchip/XC32/bin/bin/../../lib/gcc/pic32mx/4.8.3/../../../../pic32mx/lib/libpic32.a(vector15.o)
                0x9d01f3e0                __vector_dispatch_15
                0x00000001                ASSERT (((_vector_spacing == 0x0) || (SIZEOF (.vector_15) <= (_vector_spacing << 0x5))), function at exception vector 15 too large)

.vector_16      0x9d01f400        0x8
 *(.vector_16)
 .vector_16     0x9d01f400        0x8 /Applications/Microchip/XC32/bin/bin/../../lib/gcc/pic32mx/4.8.3/../../../../pic32mx/lib/libpic32.a(vector16.o)
                0x9d01f400                __vector_dispatch_16
                0x00000001                ASSERT (((_vector_spacing == 0x0) || (SIZEOF (.vector_16) <= (_vector_spacing << 0x5))), function at exception vector 16 too large)

.vector_17      0x9d01f420        0x8
 *(.vector_17)
 .vector_17     0x9d01f420        0x8 /Applications/Microchip/XC32/bin/bin/../../lib/gcc/pic32mx/4.8.3/../../../../pic32mx/lib/libpic32.a(vector17.o)
                0x9d01f420                __vector_dispatch_17
                0x00000001                ASSERT (((_vector_spacing == 0x0) || (SIZEOF (.vector_17) <= (_vector_spacing << 0x5))), function at exception vector 17 too large)

.vector_18      0x9d01f440        0x8
 *(.vector_18)
 .vector_18     0x9d01f440        0x8 /Applications/Microchip/XC32/bin/bin/../../lib/gcc/pic32mx/4.8.3/../../../../pic32mx/lib/libpic32.a(vector18.o)
                0x9d01f440                __vector_dispatch_18
                0x00000001                ASSERT (((_vector_spacing == 0x0) || (SIZEOF (.vector_18) <= (_vector_spacing << 0x5))), function at exception vector 18 too large)

.vector_19      0x9d01f460        0x8
 *(.vector_19)
 .vector_19     0x9d01f460        0x8 /Applications/Microchip/XC32/bin/bin/../../lib/gcc/pic32mx/4.8.3/../../../../pic32mx/lib/libpic32.a(vector19.o)
                0x9d01f460                __vector_dispatch_19
                0x00000001                ASSERT (((_vector_spacing == 0x0) || (SIZEOF (.vector_19) <= (_vector_spacing << 0x5))), function at exception vector 19 too large)

.vector_20      0x9d01f480        0x8
 *(.vector_20)
 .vector_20     0x9d01f480        0x8 /Applications/Microchip/XC32/bin/bin/../../lib/gcc/pic32mx/4.8.3/../../../../pic32mx/lib/libpic32.a(vector20.o)
                0x9d01f480                __vector_dispatch_20
                0x00000001                ASSERT (((_vector_spacing == 0x0) || (SIZEOF (.vector_20) <= (_vector_spacing << 0x5))), function at exception vector 20 too large)

.vector_21      0x9d01f4a0        0x8
 *(.vector_21)
 .vector_21     0x9d01f4a0        0x8 /Applications/Microchip/XC32/bin/bin/../../lib/gcc/pic32mx/4.8.3/../../../../pic32mx/lib/libpic32.a(vector21.o)
                0x9d01f4a0                __vector_dispatch_21
                0x00000001                ASSERT (((_vector_spacing == 0x0) || (SIZEOF (.vector_21) <= (_vector_spacing << 0x5))), function at exception vector 21 too large)

.vector_22      0x9d01f4c0        0x8
 *(.vector_22)
 .vector_22     0x9d01f4c0        0x8 /Applications/Microchip/XC32/bin/bin/../../lib/gcc/pic32mx/4.8.3/../../../../pic32mx/lib/libpic32.a(vector22.o)
                0x9d01f4c0                __vector_dispatch_22
                0x00000001                ASSERT (((_vector_spacing == 0x0) || (SIZEOF (.vector_22) <= (_vector_spacing << 0x5))), function at exception vector 22 too large)

.vector_23      0x9d01f4e0        0x8
 *(.vector_23)
 .vector_23     0x9d01f4e0        0x8 /Applications/Microchip/XC32/bin/bin/../../lib/gcc/pic32mx/4.8.3/../../../../pic32mx/lib/libpic32.a(vector23.o)
                0x9d01f4e0                __vector_dispatch_23
                0x00000001                ASSERT (((_vector_spacing == 0x0) || (SIZEOF (.vector_23) <= (_vector_spacing << 0x5))), function at exception vector 23 too large)

.vector_24      0x9d01f500        0x8
 *(.vector_24)
 .vector_24     0x9d01f500        0x8 /Applications/Microchip/XC32/bin/bin/../../lib/gcc/pic32mx/4.8.3/../../../../pic32mx/lib/libpic32.a(vector24.o)
                0x9d01f500                __vector_dispatch_24
                0x00000001                ASSERT (((_vector_spacing == 0x0) || (SIZEOF (.vector_24) <= (_vector_spacing << 0x5))), function at exception vector 24 too large)

.vector_25      0x9d01f520        0x8
 *(.vector_25)
 .vector_25     0x9d01f520        0x8 /Applications/Microchip/XC32/bin/bin/../../lib/gcc/pic32mx/4.8.3/../../../../pic32mx/lib/libpic32.a(vector25.o)
                0x9d01f520                __vector_dispatch_25
                0x00000001                ASSERT (((_vector_spacing == 0x0) || (SIZEOF (.vector_25) <= (_vector_spacing << 0x5))), function at exception vector 25 too large)

.vector_26      0x9d01f540        0x8
 *(.vector_26)
 .vector_26     0x9d01f540        0x8 /Applications/Microchip/XC32/bin/bin/../../lib/gcc/pic32mx/4.8.3/../../../../pic32mx/lib/libpic32.a(vector26.o)
                0x9d01f540                __vector_dispatch_26
                0x00000001                ASSERT (((_vector_spacing == 0x0) || (SIZEOF (.vector_26) <= (_vector_spacing << 0x5))), function at exception vector 26 too large)

.vector_27      0x9d01f560        0x8
 *(.vector_27)
 .vector_27     0x9d01f560        0x8 /Applications/Microchip/XC32/bin/bin/../../lib/gcc/pic32mx/4.8.3/../../../../pic32mx/lib/libpic32.a(vector27.o)
                0x9d01f560                __vector_dispatch_27
                0x00000001                ASSERT (((_vector_spacing == 0x0) || (SIZEOF (.vector_27) <= (_vector_spacing << 0x5))), function at exception vector 27 too large)

.vector_28      0x9d01f580        0x8
 *(.vector_28)
 .vector_28     0x9d01f580        0x8 /Applications/Microchip/XC32/bin/bin/../../lib/gcc/pic32mx/4.8.3/../../../../pic32mx/lib/libpic32.a(vector28.o)
                0x9d01f580                __vector_dispatch_28
                0x00000001                ASSERT (((_vector_spacing == 0x0) || (SIZEOF (.vector_28) <= (_vector_spacing << 0x5))), function at exception vector 28 too large)

.vector_29      0x9d01f5a0        0x8
 *(.vector_29)
 .vector_29     0x9d01f5a0        0x8 /Applications/Microchip/XC32/bin/bin/../../lib/gcc/pic32mx/4.8.3/../../../../pic32mx/lib/libpic32.a(vector29.o)
                0x9d01f5a0                __vector_dispatch_29
                0x00000001                ASSERT (((_vector_spacing == 0x0) || (SIZEOF (.vector_29) <= (_vector_spacing << 0x5))), function at exception vector 29 too large)

.vector_30      0x9d01f5c0        0x8
 *(.vector_30)
 .vector_30     0x9d01f5c0        0x8 build/pic32mx795_pim_e16_int_dyn/production/_ext/1856320864/system_interrupt.o
                0x9d01f5c0                __vector_dispatch_30
                0x00000001                ASSERT (((_vector_spacing == 0x0) || (SIZEOF (.vector_30) <= (_vector_spacing << 0x5))), function at exception vector 30 too large)

.vector_31      0x9d01f5e0        0x8
 *(.vector_31)
 .vector_31     0x9d01f5e0        0x8 /Applications/Microchip/XC32/bin/bin/../../lib/gcc/pic32mx/4.8.3/../../../../pic32mx/lib/libpic32.a(vector31.o)
                0x9d01f5e0                __vector_dispatch_31
                0x00000001                ASSERT (((_vector_spacing == 0x0) || (SIZEOF (.vector_31) <= (_vector_spacing << 0x5))), function at exception vector 31 too large)

.vector_32      0x9d01f600        0x8
 *(.vector_32)
 .vector_32     0x9d01f600        0x8 /Applications/Microchip/XC32/bin/bin/../../lib/gcc/pic32mx/4.8.3/../../../../pic32mx/lib/libpic32.a(vector32.o)
                0x9d01f600                __vector_dispatch_32
                0x00000001                ASSERT (((_vector_spacing == 0x0) || (SIZEOF (.vector_32) <= (_vector_spacing << 0x5))), function at exception vector 32 too large)

.vector_33      0x9d01f620        0x8
 *(.vector_33)
 .vector_33     0x9d01f620        0x8 /Applications/Microchip/XC32/bin/bin/../../lib/gcc/pic32mx/4.8.3/../../../../pic32mx/lib/libpic32.a(vector33.o)
                0x9d01f620                __vector_dispatch_33
                0x00000001                ASSERT (((_vector_spacing == 0x0) || (SIZEOF (.vector_33) <= (_vector_spacing << 0x5))), function at exception vector 33 too large)

.vector_34      0x9d01f640        0x8
 *(.vector_34)
 .vector_34     0x9d01f640        0x8 /Applications/Microchip/XC32/bin/bin/../../lib/gcc/pic32mx/4.8.3/../../../../pic32mx/lib/libpic32.a(vector34.o)
                0x9d01f640                __vector_dispatch_34
                0x00000001                ASSERT (((_vector_spacing == 0x0) || (SIZEOF (.vector_34) <= (_vector_spacing << 0x5))), function at exception vector 34 too large)

.vector_35      0x9d01f660        0x8
 *(.vector_35)
 .vector_35     0x9d01f660        0x8 /Applications/Microchip/XC32/bin/bin/../../lib/gcc/pic32mx/4.8.3/../../../../pic32mx/lib/libpic32.a(vector35.o)
                0x9d01f660                __vector_dispatch_35
                0x00000001                ASSERT (((_vector_spacing == 0x0) || (SIZEOF (.vector_35) <= (_vector_spacing << 0x5))), function at exception vector 35 too large)

.vector_36      0x9d01f680        0x8
 *(.vector_36)
 .vector_36     0x9d01f680        0x8 /Applications/Microchip/XC32/bin/bin/../../lib/gcc/pic32mx/4.8.3/../../../../pic32mx/lib/libpic32.a(vector36.o)
                0x9d01f680                __vector_dispatch_36
                0x00000001                ASSERT (((_vector_spacing == 0x0) || (SIZEOF (.vector_36) <= (_vector_spacing << 0x5))), function at exception vector 36 too large)

.vector_37      0x9d01f6a0        0x8
 *(.vector_37)
 .vector_37     0x9d01f6a0        0x8 build/pic32mx795_pim_e16_int_dyn/production/_ext/1856320864/system_interrupt.o
                0x9d01f6a0                __vector_dispatch_37
                0x00000001                ASSERT (((_vector_spacing == 0x0) || (SIZEOF (.vector_37) <= (_vector_spacing << 0x5))), function at exception vector 37 too large)

.vector_38      0x9d01f6c0        0x8
 *(.vector_38)
 .vector_38     0x9d01f6c0        0x8 /Applications/Microchip/XC32/bin/bin/../../lib/gcc/pic32mx/4.8.3/../../../../pic32mx/lib/libpic32.a(vector38.o)
                0x9d01f6c0                __vector_dispatch_38
                0x00000001                ASSERT (((_vector_spacing == 0x0) || (SIZEOF (.vector_38) <= (_vector_spacing << 0x5))), function at exception vector 38 too large)

.vector_39      0x9d01f6e0        0x8
 *(.vector_39)
 .vector_39     0x9d01f6e0        0x8 /Applications/Microchip/XC32/bin/bin/../../lib/gcc/pic32mx/4.8.3/../../../../pic32mx/lib/libpic32.a(vector39.o)
                0x9d01f6e0                __vector_dispatch_39
                0x00000001                ASSERT (((_vector_spacing == 0x0) || (SIZEOF (.vector_39) <= (_vector_spacing << 0x5))), function at exception vector 39 too large)

.vector_40      0x9d01f700        0x8
 *(.vector_40)
 .vector_40     0x9d01f700        0x8 /Applications/Microchip/XC32/bin/bin/../../lib/gcc/pic32mx/4.8.3/../../../../pic32mx/lib/libpic32.a(vector40.o)
                0x9d01f700                __vector_dispatch_40
                0x00000001                ASSERT (((_vector_spacing == 0x0) || (SIZEOF (.vector_40) <= (_vector_spacing << 0x5))), function at exception vector 40 too large)

.vector_41      0x9d01f720        0x8
 *(.vector_41)
 .vector_41     0x9d01f720        0x8 /Applications/Microchip/XC32/bin/bin/../../lib/gcc/pic32mx/4.8.3/../../../../pic32mx/lib/libpic32.a(vector41.o)
                0x9d01f720                __vector_dispatch_41
                0x00000001                ASSERT (((_vector_spacing == 0x0) || (SIZEOF (.vector_41) <= (_vector_spacing << 0x5))), function at exception vector 41 too large)

.vector_42      0x9d01f740        0x8
 *(.vector_42)
 .vector_42     0x9d01f740        0x8 /Applications/Microchip/XC32/bin/bin/../../lib/gcc/pic32mx/4.8.3/../../../../pic32mx/lib/libpic32.a(vector42.o)
                0x9d01f740                __vector_dispatch_42
                0x00000001                ASSERT (((_vector_spacing == 0x0) || (SIZEOF (.vector_42) <= (_vector_spacing << 0x5))), function at exception vector 42 too large)

.vector_43      0x9d01f760        0x8
 *(.vector_43)
 .vector_43     0x9d01f760        0x8 /Applications/Microchip/XC32/bin/bin/../../lib/gcc/pic32mx/4.8.3/../../../../pic32mx/lib/libpic32.a(vector43.o)
                0x9d01f760                __vector_dispatch_43
                0x00000001                ASSERT (((_vector_spacing == 0x0) || (SIZEOF (.vector_43) <= (_vector_spacing << 0x5))), function at exception vector 43 too large)

.vector_44      0x9d01f780        0x0
 *(.vector_44)
                0x00000001                ASSERT (((_vector_spacing == 0x0) || (SIZEOF (.vector_44) <= (_vector_spacing << 0x5))), function at exception vector 44 too large)

.vector_45      0x9d01f7a0        0x0
 *(.vector_45)
                0x00000001                ASSERT (((_vector_spacing == 0x0) || (SIZEOF (.vector_45) <= (_vector_spacing << 0x5))), function at exception vector 45 too large)

.vector_46      0x9d01f7c0        0x0
 *(.vector_46)
                0x00000001                ASSERT (((_vector_spacing == 0x0) || (SIZEOF (.vector_46) <= (_vector_spacing << 0x5))), function at exception vector 46 too large)

.vector_47      0x9d01f7e0        0x0
 *(.vector_47)
                0x00000001                ASSERT (((_vector_spacing == 0x0) || (SIZEOF (.vector_47) <= (_vector_spacing << 0x5))), function at exception vector 47 too large)

.vector_48      0x9d01f800        0x0
 *(.vector_48)
                0x00000001                ASSERT (((_vector_spacing == 0x0) || (SIZEOF (.vector_48) <= (_vector_spacing << 0x5))), function at exception vector 48 too large)

.vector_49      0x9d01f820        0x0
 *(.vector_49)
                0x00000001                ASSERT (((_vector_spacing == 0x0) || (SIZEOF (.vector_49) <= (_vector_spacing << 0x5))), function at exception vector 49 too large)

.vector_50      0x9d01f840        0x0
 *(.vector_50)
                0x00000001                ASSERT (((_vector_spacing == 0x0) || (SIZEOF (.vector_50) <= (_vector_spacing << 0x5))), function at exception vector 50 too large)

.vector_51      0x9d01f860        0x0
 *(.vector_51)
                0x00000001                ASSERT (((_vector_spacing == 0x0) || (SIZEOF (.vector_51) <= (_vector_spacing << 0x5))), function at exception vector 51 too large)

.vector_52      0x9d01f880        0x0
 *(.vector_52)
                0x00000001                ASSERT (((_vector_spacing == 0x0) || (SIZEOF (.vector_52) <= (_vector_spacing << 0x5))), function at exception vector 52 too large)

.vector_53      0x9d01f8a0        0x0
 *(.vector_53)
                0x00000001                ASSERT (((_vector_spacing == 0x0) || (SIZEOF (.vector_53) <= (_vector_spacing << 0x5))), function at exception vector 53 too large)

.vector_54      0x9d01f8c0        0x0
 *(.vector_54)
                0x00000001                ASSERT (((_vector_spacing == 0x0) || (SIZEOF (.vector_54) <= (_vector_spacing << 0x5))), function at exception vector 54 too large)

.vector_55      0x9d01f8e0        0x0
 *(.vector_55)
                0x00000001                ASSERT (((_vector_spacing == 0x0) || (SIZEOF (.vector_55) <= (_vector_spacing << 0x5))), function at exception vector 55 too large)

.vector_56      0x9d01f900        0x0
 *(.vector_56)
                0x00000001                ASSERT (((_vector_spacing == 0x0) || (SIZEOF (.vector_56) <= (_vector_spacing << 0x5))), function at exception vector 56 too large)

.vector_57      0x9d01f920        0x0
 *(.vector_57)
                0x00000001                ASSERT (((_vector_spacing == 0x0) || (SIZEOF (.vector_57) <= (_vector_spacing << 0x5))), function at exception vector 57 too large)

.vector_58      0x9d01f940        0x0
 *(.vector_58)
                0x00000001                ASSERT (((_vector_spacing == 0x0) || (SIZEOF (.vector_58) <= (_vector_spacing << 0x5))), function at exception vector 58 too large)

.vector_59      0x9d01f960        0x0
 *(.vector_59)
                0x00000001                ASSERT (((_vector_spacing == 0x0) || (SIZEOF (.vector_59) <= (_vector_spacing << 0x5))), function at exception vector 59 too large)

.vector_60      0x9d01f980        0x0
 *(.vector_60)
                0x00000001                ASSERT (((_vector_spacing == 0x0) || (SIZEOF (.vector_60) <= (_vector_spacing << 0x5))), function at exception vector 60 too large)

.vector_61      0x9d01f9a0        0x0
 *(.vector_61)
                0x00000001                ASSERT (((_vector_spacing == 0x0) || (SIZEOF (.vector_61) <= (_vector_spacing << 0x5))), function at exception vector 61 too large)

.vector_62      0x9d01f9c0        0x0
 *(.vector_62)
                0x00000001                ASSERT (((_vector_spacing == 0x0) || (SIZEOF (.vector_62) <= (_vector_spacing << 0x5))), function at exception vector 62 too large)

.vector_63      0x9d01f9e0        0x0
 *(.vector_63)
                0x00000001                ASSERT (((_vector_spacing == 0x0) || (SIZEOF (.vector_63) <= (_vector_spacing << 0x5))), function at exception vector 63 too large)

.startup
 *(.startup)

.text           0x9d000000        0x0
 *(.stub .gnu.linkonce.t.*)
 *(.text.*personality*)
 *(.mips16.fn.*)
 *(.mips16.call.*)
 *(.gnu.warning)
                0x9d000000                . = ALIGN (0x4)

.init           0x9d000000        0x0
 *crti.o(.init)
 *crtbegin.o(.init)
 *(EXCLUDE_FILE(*crtn.o *crtend?.o *crtend.o) .init)
 *crtend.o(.init)
 *crtn.o(.init)
                0x9d000000                . = ALIGN (0x4)

.fini           0x9d000000        0x0
 *(.fini)
                0x9d000000                . = ALIGN (0x4)

.preinit_array  0x9d000000        0x0
                0x9d000000                PROVIDE (__preinit_array_start, .)
 *(.preinit_array)
                0x9d000000                PROVIDE (__preinit_array_end, .)
                0x9d000000                . = ALIGN (0x4)

.init_array     0x9d000000        0x0
                0x9d000000                PROVIDE (__init_array_start, .)
 *(SORT(.init_array.*))
 *(.init_array)
                0x9d000000                PROVIDE (__init_array_end, .)
                0x9d000000                . = ALIGN (0x4)

.fini_array     0x9d000000        0x0
                0x9d000000                PROVIDE (__fini_array_start, .)
 *(SORT(.fini_array.*))
 *(.fini_array)
                0x9d000000                PROVIDE (__fini_array_end, .)
                0x9d000000                . = ALIGN (0x4)

.ctors          0x9d000000        0x0
 *crtbegin.o(.ctors)
 *crtbegin?.o(.ctors)
 *(EXCLUDE_FILE(*crtend?.o *crtend.o) .ctors)
 *(SORT(.ctors.*))
 *(.ctors)
                0x9d000000                . = ALIGN (0x4)

.dtors          0x9d000000        0x0
 *crtbegin.o(.dtors)
 *crtbegin?.o(.dtors)
 *(EXCLUDE_FILE(*crtend?.o *crtend.o) .dtors)
 *(SORT(.dtors.*))
 *(.dtors)
                0x9d000000                . = ALIGN (0x4)

.rodata         0x9d000000        0x0
 *(.gnu.linkonce.r.*)
 *(.rodata1)
                0x9d000000                . = ALIGN (0x4)

.sdata2         0x9fc00490        0x0
 *(.sdata2 .sdata2.* .gnu.linkonce.s2.*)
                0x9fc00490                . = ALIGN (0x4)

.sbss2          0x9fc00490        0x0
 *(.sbss2 .sbss2.* .gnu.linkonce.sb2.*)
                0x9fc00490                . = ALIGN (0x4)

.eh_frame_hdr
 *(.eh_frame_hdr)
                0x9fc00490                . = ALIGN (0x4)

.eh_frame
 *(.eh_frame)
                0x9fc00490                . = ALIGN (0x4)

.gcc_except_table
 *(.gcc_except_table .gcc_except_table.*)
                0x9fc00490                . = ALIGN (0x4)

.dbg_data       0xa0000000        0x0
                0xa0000000                . = (. + DEFINED (_DEBUGGER)?0x200:0x0)

.jcr            0xa0000000        0x0
 *(.jcr)
                0xa0000000                . = ALIGN (0x4)

.eh_frame
 *(.eh_frame)
                0xa0000000                . = ALIGN (0x4)

.gcc_except_table
 *(.gcc_except_table .gcc_except_table.*)
                0xa0000000                . = ALIGN (0x4)

.persist        0xa0000000        0x0
                0xa0000000                _persist_begin = .
 *(.persist .persist.*)
 *(.pbss .pbss.*)
                0xa0000000                . = ALIGN (0x4)
                0xa0000000                _persist_end = .

.data           0xa0000000        0x0
 *(.gnu.linkonce.d.*)
 *(.data1)
                0xa0000000                . = ALIGN (0x4)
                0xa0000000                . = .
                0xa0007ff0                _gp = (ALIGN (0x10) + 0x7ff0)

.got            0xa0000000        0x0
 *(.got.plt)
 *(.got)
                0xa0000000                . = ALIGN (0x4)

.sdata          0xa0000000       0x1c
                0xa0000000                _sdata_begin = .
 *(.sdata .sdata.* .gnu.linkonce.s.*)
 .sdata         0xa0000000       0x18 build/pic32mx795_pim_e16_int_dyn/production/_ext/1360937237/app.o
                0xa0000000                mLeftDC
                0xa0000004                mRightDC
                0xa0000008                mLeftTargetDC
                0xa000000c                mRightTargetDC
                0xa0000010                kp
                0xa0000014                ki
 .sdata         0xa0000018        0x4 /Applications/Microchip/XC32/bin/bin/../../lib/gcc/pic32mx/4.8.3/../../../../pic32mx/lib/libpic32.a(xc32_uart.o)
                0xa0000018                __XC_UART
                0xa000001c                . = ALIGN (0x4)
                0xa000001c                _sdata_end = .

.lit8
 *(.lit8)

.lit4
 *(.lit4)
                0xa000001c                . = ALIGN (0x4)
                0xa000001c                _data_end = .
                0xa000001c                _bss_begin = .

.sbss           0xa000001c       0x34
                0xa000001c                _sbss_begin = .
 *(.dynsbss)
 *(.sbss .sbss.* .gnu.linkonce.sb.*)
 .sbss          0xa000001c        0xc build/pic32mx795_pim_e16_int_dyn/production/_ext/1856320864/system_exceptions.o
 .sbss          0xa0000028       0x14 build/pic32mx795_pim_e16_int_dyn/production/_ext/1360937237/app.o
                0xa0000028                pos
                0xa000002c                txFlag
                0xa0000030                qq
                0xa0000034                qint
                0xa0000038                ii
 *(.scommon)
 .scommon       0xa000003c        0x1 build/pic32mx795_pim_e16_int_dyn/production/_ext/1360937237/app.o
                0xa000003c                uartReceivedData
 *fill*         0xa000003d        0x3 
 .scommon       0xa0000040        0x3 build/pic32mx795_pim_e16_int_dyn/production/_ext/1927798604/drv_usart.o
                0xa0000040                gDrvUSARTCommonDataObj
 *fill*         0xa0000043        0x1 
 .scommon       0xa0000044        0x8 build/pic32mx795_pim_e16_int_dyn/production/_ext/912498863/sys_devcon.o
                0xa0000044                sysDevconObj
 .scommon       0xa000004c        0x2 build/pic32mx795_pim_e16_int_dyn/production/_ext/692885480/usb_device_cdc.o
                0xa000004c                gUSBDeviceCdcCommonDataObj
                0xa000004e                _sbss_end = .
                0xa0000050                . = ALIGN (0x4)
 *fill*         0xa000004e        0x2 

.bss            0xa0000200      0x378
 *(.dynbss)
 *(COMMON)
 COMMON         0xa0000200       0x70 build/pic32mx795_pim_e16_int_dyn/production/_ext/1856320864/system_init.o
                0xa0000200                endPointTable
                0xa0000260                sysObj
 COMMON         0xa0000270       0xea build/pic32mx795_pim_e16_int_dyn/production/_ext/1360937237/app.o
                0xa0000270                readBuffer
                0xa00002b0                rx
                0xa00002e4                appData
                0xa0000328                tx
 *fill*         0xa000035a        0x2 
 COMMON         0xa000035c       0xa8 build/pic32mx795_pim_e16_int_dyn/production/_ext/1927798604/drv_usart.o
                0xa000035c                gDrvUSARTClientObj
                0xa00003a4                gDrvUSARTObj
 COMMON         0xa0000404       0xc8 build/pic32mx795_pim_e16_int_dyn/production/_ext/1585079243/drv_usbfs.o
                0xa0000404                gDrvUSBGroup
 COMMON         0xa00004cc       0xac build/pic32mx795_pim_e16_int_dyn/production/_ext/692885480/usb_device_cdc.o
                0xa00004cc                gUSBDeviceCDCIRP
                0xa0000538                gUSBDeviceCDCInstance
                0xa0000578                . = ALIGN ((. != 0x0)?0x4:0x1)
                0xa0000578                . = ALIGN (0x4)
                0xa0000578                _end = .
                0xa0000578                _bss_end = .
                0x00008000                _bmxdudba_address = 0x8000
                0x00008000                _bmxdupba_address = 0x8000

/DISCARD/
 *(.pdr)
 *(.rel.dyn)
 *(.note.GNU-stack)
 *(.note.GNU-stack)
 *(.gnu_debuglink)
 *(.gnu.lto_*)
 *(.discard)

.gptab.sdata
 *(.gptab.data)
 *(.gptab.sdata)

.gptab.sbss
 *(.gptab.bss)
 *(.gptab.sbss)

.mdebug.abi32   0xa0000578        0x0
 *(.mdebug.abi32)
 .mdebug.abi32  0xa0000578        0x0 build/pic32mx795_pim_e16_int_dyn/production/_ext/1252289623/sys_clk_static.o
 .mdebug.abi32  0xa0000578        0x0 build/pic32mx795_pim_e16_int_dyn/production/_ext/633097401/sys_ports_static.o
 .mdebug.abi32  0xa0000578        0x0 build/pic32mx795_pim_e16_int_dyn/production/_ext/1856320864/system_init.o
 .mdebug.abi32  0xa0000578        0x0 build/pic32mx795_pim_e16_int_dyn/production/_ext/1856320864/system_interrupt.o
 .mdebug.abi32  0xa0000578        0x0 build/pic32mx795_pim_e16_int_dyn/production/_ext/1856320864/system_exceptions.o
 .mdebug.abi32  0xa0000578        0x0 build/pic32mx795_pim_e16_int_dyn/production/_ext/1856320864/system_tasks.o
 .mdebug.abi32  0xa0000578        0x0 build/pic32mx795_pim_e16_int_dyn/production/_ext/1360937237/app.o
 .mdebug.abi32  0xa0000578        0x0 build/pic32mx795_pim_e16_int_dyn/production/_ext/1360937237/main.o
 .mdebug.abi32  0xa0000578        0x0 build/pic32mx795_pim_e16_int_dyn/production/_ext/1360937237/motor_control.o
 .mdebug.abi32  0xa0000578        0x0 build/pic32mx795_pim_e16_int_dyn/production/_ext/819416189/bsp_sys_init.o
 .mdebug.abi32  0xa0000578        0x0 build/pic32mx795_pim_e16_int_dyn/production/_ext/1927798604/drv_usart.o
 .mdebug.abi32  0xa0000578        0x0 build/pic32mx795_pim_e16_int_dyn/production/_ext/1927798604/drv_usart_read_write.o
 .mdebug.abi32  0xa0000578        0x0 build/pic32mx795_pim_e16_int_dyn/production/_ext/1585079243/drv_usbfs.o
 .mdebug.abi32  0xa0000578        0x0 build/pic32mx795_pim_e16_int_dyn/production/_ext/1585079243/drv_usbfs_device.o
 .mdebug.abi32  0xa0000578        0x0 build/pic32mx795_pim_e16_int_dyn/production/_ext/912498863/sys_devcon.o
 .mdebug.abi32  0xa0000578        0x0 build/pic32mx795_pim_e16_int_dyn/production/_ext/912498863/sys_devcon_pic32mx.o
 .mdebug.abi32  0xa0000578        0x0 build/pic32mx795_pim_e16_int_dyn/production/_ext/711155467/sys_int_pic32.o
 .mdebug.abi32  0xa0000578        0x0 build/pic32mx795_pim_e16_int_dyn/production/_ext/1653354328/sys_ports.o
 .mdebug.abi32  0xa0000578        0x0 build/pic32mx795_pim_e16_int_dyn/production/_ext/692885480/usb_device.o
 .mdebug.abi32  0xa0000578        0x0 build/pic32mx795_pim_e16_int_dyn/production/_ext/692885480/usb_device_cdc.o
 .mdebug.abi32  0xa0000578        0x0 build/pic32mx795_pim_e16_int_dyn/production/_ext/692885480/usb_device_cdc_acm.o
 .mdebug.abi32  0xa0000578        0x0 /Applications/Microchip/XC32/bin/bin/../../lib/gcc/pic32mx/4.8.3/../../../../pic32mx/lib/libpic32.a(default-bootstrap-exception-handler.o)
 .mdebug.abi32  0xa0000578        0x0 /Applications/Microchip/XC32/bin/bin/../../lib/gcc/pic32mx/4.8.3/../../../../pic32mx/lib/libpic32.a(default-on-reset.o)
 .mdebug.abi32  0xa0000578        0x0 /Applications/Microchip/XC32/bin/bin/../../lib/gcc/pic32mx/4.8.3/../../../../pic32mx/lib/libpic32.a(default-on-bootstrap.o)
 .mdebug.abi32  0xa0000578        0x0 /Applications/Microchip/XC32/bin/bin/../../lib/gcc/pic32mx/4.8.3/../../../../pic32mx/lib/libpic32.a(defaultinterrupt.o)
 .mdebug.abi32  0xa0000578        0x0 /Applications/Microchip/XC32/bin/bin/../../lib/gcc/pic32mx/4.8.3/../../../../pic32mx/lib/libc.a(sscanf_cdnopuxX.eo)
 .mdebug.abi32  0xa0000578        0x0 /Applications/Microchip/XC32/bin/bin/../../lib/gcc/pic32mx/4.8.3/../../../../pic32mx/lib/libc.a(doscan_cdnopuxX.eo)
 .mdebug.abi32  0xa0000578        0x0 /Applications/Microchip/XC32/bin/bin/../../lib/gcc/pic32mx/4.8.3/../../../../pic32mx/lib/libc.a(fgetc.o)
 .mdebug.abi32  0xa0000578        0x0 /Applications/Microchip/XC32/bin/bin/../../lib/gcc/pic32mx/4.8.3/../../../../pic32mx/lib/libc.a(atoi.o)
 .mdebug.abi32  0xa0000578        0x0 /Applications/Microchip/XC32/bin/bin/../../lib/gcc/pic32mx/4.8.3/../../../../pic32mx/lib/libc.a(ctype.o)
 .mdebug.abi32  0xa0000578        0x0 /Applications/Microchip/XC32/bin/bin/../../lib/gcc/pic32mx/4.8.3/../../../../pic32mx/lib/libc.a(ctypef.o)
 .mdebug.abi32  0xa0000578        0x0 /Applications/Microchip/XC32/bin/bin/../../lib/gcc/pic32mx/4.8.3/../../../../pic32mx/lib/libc.a(ungetc.o)
 .mdebug.abi32  0xa0000578        0x0 /Applications/Microchip/XC32/bin/bin/../../lib/gcc/pic32mx/4.8.3/../../../../pic32mx/lib/libc.a(filbuf.o)
 .mdebug.abi32  0xa0000578        0x0 /Applications/Microchip/XC32/bin/bin/../../lib/gcc/pic32mx/4.8.3/../../../../pic32mx/lib/libc.a(fflush.o)
 .mdebug.abi32  0xa0000578        0x0 /Applications/Microchip/XC32/bin/bin/../../lib/gcc/pic32mx/4.8.3/../../../../pic32mx/lib/libc.a(_iob.o)
 .mdebug.abi32  0xa0000578        0x0 /Applications/Microchip/XC32/bin/bin/../../lib/gcc/pic32mx/4.8.3/../../../../pic32mx/lib/libpic32.a(read.o)
 .mdebug.abi32  0xa0000578        0x0 /Applications/Microchip/XC32/bin/bin/../../lib/gcc/pic32mx/4.8.3/../../../../pic32mx/lib/libpic32.a(write.o)
 .mdebug.abi32  0xa0000578        0x0 /Applications/Microchip/XC32/bin/bin/../../lib/gcc/pic32mx/4.8.3/../../../../pic32mx/lib/libpic32.a(xc32_uart.o)
 .mdebug.abi32  0xa0000578        0x0 /Applications/Microchip/XC32/bin/bin/../../lib/gcc/pic32mx/4.8.3/../../../../pic32mx/lib/libpic32.a(_mon_putc.o)

.mdebug.abiN32
 *(.mdebug.abiN32)

.mdebug.abi64
 *(.mdebug.abi64)

.mdebug.abiO64
 *(.mdebug.abiO64)

.mdebug.eabi32
 *(.mdebug.eabi32)

.mdebug.eabi64
 *(.mdebug.eabi64)

.gcc_compiled_long32
 *(.gcc_compiled_long32)

.gcc_compiled_long64
 *(.gcc_compiled_long64)

.stab
 *(.stab)

.stabstr
 *(.stabstr)

.stab.excl
 *(.stab.excl)

.stab.exclstr
 *(.stab.exclstr)

.stab.index
 *(.stab.index)

.stab.indexstr
 *(.stab.indexstr)

.comment        0x00000000       0xf2
 *(.comment)
 .comment       0x00000000       0x3c build/pic32mx795_pim_e16_int_dyn/production/_ext/1252289623/sys_clk_static.o
                                 0x3d (size before relaxing)
 .comment       0x00000000       0x3d build/pic32mx795_pim_e16_int_dyn/production/_ext/633097401/sys_ports_static.o
 .comment       0x00000000       0x3d build/pic32mx795_pim_e16_int_dyn/production/_ext/1856320864/system_init.o
 .comment       0x00000000       0x3d build/pic32mx795_pim_e16_int_dyn/production/_ext/1856320864/system_interrupt.o
 .comment       0x00000000       0x3d build/pic32mx795_pim_e16_int_dyn/production/_ext/1856320864/system_exceptions.o
 .comment       0x00000000       0x3d build/pic32mx795_pim_e16_int_dyn/production/_ext/1856320864/system_tasks.o
 .comment       0x00000000       0x3d build/pic32mx795_pim_e16_int_dyn/production/_ext/1360937237/app.o
 .comment       0x00000000       0x3d build/pic32mx795_pim_e16_int_dyn/production/_ext/1360937237/main.o
 .comment       0x00000000       0x3d build/pic32mx795_pim_e16_int_dyn/production/_ext/1360937237/motor_control.o
 .comment       0x00000000       0x3d build/pic32mx795_pim_e16_int_dyn/production/_ext/819416189/bsp_sys_init.o
 .comment       0x00000000       0x3d build/pic32mx795_pim_e16_int_dyn/production/_ext/1927798604/drv_usart.o
 .comment       0x00000000       0x3d build/pic32mx795_pim_e16_int_dyn/production/_ext/1927798604/drv_usart_read_write.o
 .comment       0x00000000       0x3d build/pic32mx795_pim_e16_int_dyn/production/_ext/1585079243/drv_usbfs.o
 .comment       0x00000000       0x3d build/pic32mx795_pim_e16_int_dyn/production/_ext/1585079243/drv_usbfs_device.o
 .comment       0x00000000       0x3d build/pic32mx795_pim_e16_int_dyn/production/_ext/912498863/sys_devcon.o
 .comment       0x00000000       0x3d build/pic32mx795_pim_e16_int_dyn/production/_ext/912498863/sys_devcon_pic32mx.o
 .comment       0x00000000       0x3d build/pic32mx795_pim_e16_int_dyn/production/_ext/711155467/sys_int_pic32.o
 .comment       0x00000000       0x3d build/pic32mx795_pim_e16_int_dyn/production/_ext/1653354328/sys_ports.o
 .comment       0x00000000       0x3d build/pic32mx795_pim_e16_int_dyn/production/_ext/692885480/usb_device.o
 .comment       0x00000000       0x3d build/pic32mx795_pim_e16_int_dyn/production/_ext/692885480/usb_device_cdc.o
 .comment       0x00000000       0x3d build/pic32mx795_pim_e16_int_dyn/production/_ext/692885480/usb_device_cdc_acm.o
 .comment       0x00000000       0x3d /Applications/Microchip/XC32/bin/bin/../../lib/gcc/pic32mx/4.8.3/../../../../pic32mx/lib/libpic32.a(default-bootstrap-exception-handler.o)
 .comment       0x00000000       0x3d /Applications/Microchip/XC32/bin/bin/../../lib/gcc/pic32mx/4.8.3/../../../../pic32mx/lib/libpic32.a(default-on-reset.o)
 .comment       0x00000000       0x3d /Applications/Microchip/XC32/bin/bin/../../lib/gcc/pic32mx/4.8.3/../../../../pic32mx/lib/libpic32.a(default-on-bootstrap.o)
 .comment       0x00000000       0x3d /Applications/Microchip/XC32/bin/bin/../../lib/gcc/pic32mx/4.8.3/../../../../pic32mx/lib/libpic32.a(defaultinterrupt.o)
 .comment       0x00000000       0x3d /Applications/Microchip/XC32/bin/bin/../../lib/gcc/pic32mx/4.8.3/../../../../pic32mx/lib/libc.a(sscanf_cdnopuxX.eo)
 .comment       0x00000000       0x3d /Applications/Microchip/XC32/bin/bin/../../lib/gcc/pic32mx/4.8.3/../../../../pic32mx/lib/libc.a(doscan_cdnopuxX.eo)
 .comment       0x00000000       0x3d /Applications/Microchip/XC32/bin/bin/../../lib/gcc/pic32mx/4.8.3/../../../../pic32mx/lib/libc.a(fgetc.o)
 .comment       0x00000000       0x3d /Applications/Microchip/XC32/bin/bin/../../lib/gcc/pic32mx/4.8.3/../../../../pic32mx/lib/libc.a(atoi.o)
 .comment       0x0000003c       0x4e /Applications/Microchip/XC32/bin/bin/../../lib/gcc/pic32mx/4.8.3/../../../../pic32mx/lib/libc.a(ctype.o)
                                 0x8b (size before relaxing)
 .comment       0x0000008a       0x4f /Applications/Microchip/XC32/bin/bin/../../lib/gcc/pic32mx/4.8.3/../../../../pic32mx/lib/libc.a(ctypef.o)
                                 0x8c (size before relaxing)
 .comment       0x00000000       0x3d /Applications/Microchip/XC32/bin/bin/../../lib/gcc/pic32mx/4.8.3/../../../../pic32mx/lib/libc.a(ungetc.o)
 .comment       0x00000000       0x3d /Applications/Microchip/XC32/bin/bin/../../lib/gcc/pic32mx/4.8.3/../../../../pic32mx/lib/libc.a(filbuf.o)
 .comment       0x00000000       0x3d /Applications/Microchip/XC32/bin/bin/../../lib/gcc/pic32mx/4.8.3/../../../../pic32mx/lib/libc.a(fflush.o)
 .comment       0x00000000       0x3d /Applications/Microchip/XC32/bin/bin/../../lib/gcc/pic32mx/4.8.3/../../../../pic32mx/lib/libc.a(_iob.o)
 .comment       0x000000d9       0x19 /Applications/Microchip/XC32/bin/bin/../../lib/gcc/pic32mx/4.8.3/../../../../pic32mx/lib/libpic32.a(strlen.o)
                                 0x1a (size before relaxing)
 .comment       0x00000000       0x3d /Applications/Microchip/XC32/bin/bin/../../lib/gcc/pic32mx/4.8.3/../../../../pic32mx/lib/libpic32.a(read.o)
 .comment       0x00000000       0x3d /Applications/Microchip/XC32/bin/bin/../../lib/gcc/pic32mx/4.8.3/../../../../pic32mx/lib/libpic32.a(write.o)
 .comment       0x00000000       0x3d /Applications/Microchip/XC32/bin/bin/../../lib/gcc/pic32mx/4.8.3/../../../../pic32mx/lib/libpic32.a(xc32_uart.o)
 .comment       0x00000000       0x3d /Applications/Microchip/XC32/bin/bin/../../lib/gcc/pic32mx/4.8.3/../../../../pic32mx/lib/libpic32.a(_mon_putc.o)

.debug
 *(.debug)

.line
 *(.line)

.debug_srcinfo
 *(.debug_srcinfo)

.debug_sfnames
 *(.debug_sfnames)

.debug_aranges  0x00000000      0xa50
 *(.debug_aranges)
 .debug_aranges
                0x00000000       0x50 build/pic32mx795_pim_e16_int_dyn/production/_ext/1252289623/sys_clk_static.o
 .debug_aranges
                0x00000050       0x20 build/pic32mx795_pim_e16_int_dyn/production/_ext/633097401/sys_ports_static.o
 .debug_aranges
                0x00000070       0x20 build/pic32mx795_pim_e16_int_dyn/production/_ext/1856320864/system_init.o
 .debug_aranges
                0x00000090       0x28 build/pic32mx795_pim_e16_int_dyn/production/_ext/1856320864/system_interrupt.o
 .debug_aranges
                0x000000b8       0x20 build/pic32mx795_pim_e16_int_dyn/production/_ext/1856320864/system_exceptions.o
 .debug_aranges
                0x000000d8       0x20 build/pic32mx795_pim_e16_int_dyn/production/_ext/1856320864/system_tasks.o
 .debug_aranges
                0x000000f8       0x40 build/pic32mx795_pim_e16_int_dyn/production/_ext/1360937237/app.o
 .debug_aranges
                0x00000138       0x20 build/pic32mx795_pim_e16_int_dyn/production/_ext/1360937237/main.o
 .debug_aranges
                0x00000158       0x28 build/pic32mx795_pim_e16_int_dyn/production/_ext/1360937237/motor_control.o
 .debug_aranges
                0x00000180       0x60 build/pic32mx795_pim_e16_int_dyn/production/_ext/819416189/bsp_sys_init.o
 .debug_aranges
                0x000001e0       0xd8 build/pic32mx795_pim_e16_int_dyn/production/_ext/1927798604/drv_usart.o
 .debug_aranges
                0x000002b8       0x28 build/pic32mx795_pim_e16_int_dyn/production/_ext/1927798604/drv_usart_read_write.o
 .debug_aranges
                0x000002e0       0x70 build/pic32mx795_pim_e16_int_dyn/production/_ext/1585079243/drv_usbfs.o
 .debug_aranges
                0x00000350       0xb8 build/pic32mx795_pim_e16_int_dyn/production/_ext/1585079243/drv_usbfs_device.o
 .debug_aranges
                0x00000408       0x78 build/pic32mx795_pim_e16_int_dyn/production/_ext/912498863/sys_devcon.o
 .debug_aranges
                0x00000480       0x20 build/pic32mx795_pim_e16_int_dyn/production/_ext/912498863/sys_devcon_pic32mx.o
 .debug_aranges
                0x000004a0       0x48 build/pic32mx795_pim_e16_int_dyn/production/_ext/711155467/sys_int_pic32.o
 .debug_aranges
                0x000004e8      0x100 build/pic32mx795_pim_e16_int_dyn/production/_ext/1653354328/sys_ports.o
 .debug_aranges
                0x000005e8      0x150 build/pic32mx795_pim_e16_int_dyn/production/_ext/692885480/usb_device.o
 .debug_aranges
                0x00000738       0x88 build/pic32mx795_pim_e16_int_dyn/production/_ext/692885480/usb_device_cdc.o
 .debug_aranges
                0x000007c0       0x20 build/pic32mx795_pim_e16_int_dyn/production/_ext/692885480/usb_device_cdc_acm.o
 .debug_aranges
                0x000007e0       0x20 /Applications/Microchip/XC32/bin/bin/../../lib/gcc/pic32mx/4.8.3/../../../../pic32mx/lib/libpic32.a(default-bootstrap-exception-handler.o)
 .debug_aranges
                0x00000800       0x20 /Applications/Microchip/XC32/bin/bin/../../lib/gcc/pic32mx/4.8.3/../../../../pic32mx/lib/libpic32.a(default-on-reset.o)
 .debug_aranges
                0x00000820       0x20 /Applications/Microchip/XC32/bin/bin/../../lib/gcc/pic32mx/4.8.3/../../../../pic32mx/lib/libpic32.a(default-on-bootstrap.o)
 .debug_aranges
                0x00000840       0x20 /Applications/Microchip/XC32/bin/bin/../../lib/gcc/pic32mx/4.8.3/../../../../pic32mx/lib/libpic32.a(defaultinterrupt.o)
 .debug_aranges
                0x00000860       0x20 /Applications/Microchip/XC32/bin/bin/../../lib/gcc/pic32mx/4.8.3/../../../../pic32mx/lib/libc.a(sscanf_cdnopuxX.eo)
 .debug_aranges
                0x00000880       0x30 /Applications/Microchip/XC32/bin/bin/../../lib/gcc/pic32mx/4.8.3/../../../../pic32mx/lib/libc.a(doscan_cdnopuxX.eo)
 .debug_aranges
                0x000008b0       0x20 /Applications/Microchip/XC32/bin/bin/../../lib/gcc/pic32mx/4.8.3/../../../../pic32mx/lib/libc.a(fgetc.o)
 .debug_aranges
                0x000008d0       0x20 /Applications/Microchip/XC32/bin/bin/../../lib/gcc/pic32mx/4.8.3/../../../../pic32mx/lib/libc.a(atoi.o)
 .debug_aranges
                0x000008f0       0xa0 /Applications/Microchip/XC32/bin/bin/../../lib/gcc/pic32mx/4.8.3/../../../../pic32mx/lib/libc.a(ctypef.o)
 .debug_aranges
                0x00000990       0x20 /Applications/Microchip/XC32/bin/bin/../../lib/gcc/pic32mx/4.8.3/../../../../pic32mx/lib/libc.a(ungetc.o)
 .debug_aranges
                0x000009b0       0x20 /Applications/Microchip/XC32/bin/bin/../../lib/gcc/pic32mx/4.8.3/../../../../pic32mx/lib/libc.a(filbuf.o)
 .debug_aranges
                0x000009d0       0x20 /Applications/Microchip/XC32/bin/bin/../../lib/gcc/pic32mx/4.8.3/../../../../pic32mx/lib/libc.a(fflush.o)
 .debug_aranges
                0x000009f0       0x20 /Applications/Microchip/XC32/bin/bin/../../lib/gcc/pic32mx/4.8.3/../../../../pic32mx/lib/libpic32.a(read.o)
 .debug_aranges
                0x00000a10       0x20 /Applications/Microchip/XC32/bin/bin/../../lib/gcc/pic32mx/4.8.3/../../../../pic32mx/lib/libpic32.a(write.o)
 .debug_aranges
                0x00000a30       0x20 /Applications/Microchip/XC32/bin/bin/../../lib/gcc/pic32mx/4.8.3/../../../../pic32mx/lib/libpic32.a(_mon_putc.o)

.debug_pubnames
 *(.debug_pubnames)

.debug_info     0x00000000    0x36c4b
 *(.debug_info .gnu.linkonce.wi.*)
 .debug_info    0x00000000     0x18f4 build/pic32mx795_pim_e16_int_dyn/production/_ext/1252289623/sys_clk_static.o
 .debug_info    0x000018f4      0x66c build/pic32mx795_pim_e16_int_dyn/production/_ext/633097401/sys_ports_static.o
 .debug_info    0x00001f60     0x56d9 build/pic32mx795_pim_e16_int_dyn/production/_ext/1856320864/system_init.o
 .debug_info    0x00007639      0xd85 build/pic32mx795_pim_e16_int_dyn/production/_ext/1856320864/system_interrupt.o
 .debug_info    0x000083be     0x1545 build/pic32mx795_pim_e16_int_dyn/production/_ext/1856320864/system_exceptions.o
 .debug_info    0x00009903      0xd1e build/pic32mx795_pim_e16_int_dyn/production/_ext/1856320864/system_tasks.o
 .debug_info    0x0000a621     0x4116 build/pic32mx795_pim_e16_int_dyn/production/_ext/1360937237/app.o
 .debug_info    0x0000e737      0x1d6 build/pic32mx795_pim_e16_int_dyn/production/_ext/1360937237/main.o
 .debug_info    0x0000e90d      0x98f build/pic32mx795_pim_e16_int_dyn/production/_ext/1360937237/motor_control.o
 .debug_info    0x0000f29c      0xd8c build/pic32mx795_pim_e16_int_dyn/production/_ext/819416189/bsp_sys_init.o
 .debug_info    0x00010028     0x638a build/pic32mx795_pim_e16_int_dyn/production/_ext/1927798604/drv_usart.o
 .debug_info    0x000163b2     0x2aa2 build/pic32mx795_pim_e16_int_dyn/production/_ext/1927798604/drv_usart_read_write.o
 .debug_info    0x00018e54     0x3b3a build/pic32mx795_pim_e16_int_dyn/production/_ext/1585079243/drv_usbfs.o
 .debug_info    0x0001c98e     0x6878 build/pic32mx795_pim_e16_int_dyn/production/_ext/1585079243/drv_usbfs_device.o
 .debug_info    0x00023206     0x1499 build/pic32mx795_pim_e16_int_dyn/production/_ext/912498863/sys_devcon.o
 .debug_info    0x0002469f      0xb7a build/pic32mx795_pim_e16_int_dyn/production/_ext/912498863/sys_devcon_pic32mx.o
 .debug_info    0x00025219     0x16be build/pic32mx795_pim_e16_int_dyn/production/_ext/711155467/sys_int_pic32.o
 .debug_info    0x000268d7     0x3898 build/pic32mx795_pim_e16_int_dyn/production/_ext/1653354328/sys_ports.o
 .debug_info    0x0002a16f     0x5700 build/pic32mx795_pim_e16_int_dyn/production/_ext/692885480/usb_device.o
 .debug_info    0x0002f86f     0x507f build/pic32mx795_pim_e16_int_dyn/production/_ext/692885480/usb_device_cdc.o
 .debug_info    0x000348ee     0x16b4 build/pic32mx795_pim_e16_int_dyn/production/_ext/692885480/usb_device_cdc_acm.o
 .debug_info    0x00035fa2       0xe3 /Applications/Microchip/XC32/bin/bin/../../lib/gcc/pic32mx/4.8.3/../../../../pic32mx/lib/libpic32.a(default-bootstrap-exception-handler.o)
 .debug_info    0x00036085       0xbd /Applications/Microchip/XC32/bin/bin/../../lib/gcc/pic32mx/4.8.3/../../../../pic32mx/lib/libpic32.a(default-on-reset.o)
 .debug_info    0x00036142       0xc5 /Applications/Microchip/XC32/bin/bin/../../lib/gcc/pic32mx/4.8.3/../../../../pic32mx/lib/libpic32.a(default-on-bootstrap.o)
 .debug_info    0x00036207       0xd7 /Applications/Microchip/XC32/bin/bin/../../lib/gcc/pic32mx/4.8.3/../../../../pic32mx/lib/libpic32.a(defaultinterrupt.o)
 .debug_info    0x000362de       0xc0 /Applications/Microchip/XC32/bin/bin/../../lib/gcc/pic32mx/4.8.3/../../../../pic32mx/lib/libc.a(sscanf_cdnopuxX.eo)
 .debug_info    0x0003639e       0xea /Applications/Microchip/XC32/bin/bin/../../lib/gcc/pic32mx/4.8.3/../../../../pic32mx/lib/libc.a(doscan_cdnopuxX.eo)
 .debug_info    0x00036488       0xb4 /Applications/Microchip/XC32/bin/bin/../../lib/gcc/pic32mx/4.8.3/../../../../pic32mx/lib/libc.a(fgetc.o)
 .debug_info    0x0003653c       0xb2 /Applications/Microchip/XC32/bin/bin/../../lib/gcc/pic32mx/4.8.3/../../../../pic32mx/lib/libc.a(atoi.o)
 .debug_info    0x000365ee      0x22a /Applications/Microchip/XC32/bin/bin/../../lib/gcc/pic32mx/4.8.3/../../../../pic32mx/lib/libc.a(ctypef.o)
 .debug_info    0x00036818       0xb6 /Applications/Microchip/XC32/bin/bin/../../lib/gcc/pic32mx/4.8.3/../../../../pic32mx/lib/libc.a(ungetc.o)
 .debug_info    0x000368ce       0xb7 /Applications/Microchip/XC32/bin/bin/../../lib/gcc/pic32mx/4.8.3/../../../../pic32mx/lib/libc.a(filbuf.o)
 .debug_info    0x00036985       0xb6 /Applications/Microchip/XC32/bin/bin/../../lib/gcc/pic32mx/4.8.3/../../../../pic32mx/lib/libc.a(fflush.o)
 .debug_info    0x00036a3b       0xac /Applications/Microchip/XC32/bin/bin/../../lib/gcc/pic32mx/4.8.3/../../../../pic32mx/lib/libpic32.a(read.o)
 .debug_info    0x00036ae7       0xae /Applications/Microchip/XC32/bin/bin/../../lib/gcc/pic32mx/4.8.3/../../../../pic32mx/lib/libpic32.a(write.o)
 .debug_info    0x00036b95       0xb6 /Applications/Microchip/XC32/bin/bin/../../lib/gcc/pic32mx/4.8.3/../../../../pic32mx/lib/libpic32.a(_mon_putc.o)

.debug_abbrev   0x00000000     0x3370
 *(.debug_abbrev)
 .debug_abbrev  0x00000000      0x27b build/pic32mx795_pim_e16_int_dyn/production/_ext/1252289623/sys_clk_static.o
 .debug_abbrev  0x0000027b       0x51 build/pic32mx795_pim_e16_int_dyn/production/_ext/633097401/sys_ports_static.o
 .debug_abbrev  0x000002cc      0x37d build/pic32mx795_pim_e16_int_dyn/production/_ext/1856320864/system_init.o
 .debug_abbrev  0x00000649       0xc3 build/pic32mx795_pim_e16_int_dyn/production/_ext/1856320864/system_interrupt.o
 .debug_abbrev  0x0000070c       0xaf build/pic32mx795_pim_e16_int_dyn/production/_ext/1856320864/system_exceptions.o
 .debug_abbrev  0x000007bb       0xc3 build/pic32mx795_pim_e16_int_dyn/production/_ext/1856320864/system_tasks.o
 .debug_abbrev  0x0000087e      0x30f build/pic32mx795_pim_e16_int_dyn/production/_ext/1360937237/app.o
 .debug_abbrev  0x00000b8d       0x93 build/pic32mx795_pim_e16_int_dyn/production/_ext/1360937237/main.o
 .debug_abbrev  0x00000c20       0xd5 build/pic32mx795_pim_e16_int_dyn/production/_ext/1360937237/motor_control.o
 .debug_abbrev  0x00000cf5      0x1b4 build/pic32mx795_pim_e16_int_dyn/production/_ext/819416189/bsp_sys_init.o
 .debug_abbrev  0x00000ea9      0x459 build/pic32mx795_pim_e16_int_dyn/production/_ext/1927798604/drv_usart.o
 .debug_abbrev  0x00001302      0x36c build/pic32mx795_pim_e16_int_dyn/production/_ext/1927798604/drv_usart_read_write.o
 .debug_abbrev  0x0000166e      0x436 build/pic32mx795_pim_e16_int_dyn/production/_ext/1585079243/drv_usbfs.o
 .debug_abbrev  0x00001aa4      0x485 build/pic32mx795_pim_e16_int_dyn/production/_ext/1585079243/drv_usbfs_device.o
 .debug_abbrev  0x00001f29      0x285 build/pic32mx795_pim_e16_int_dyn/production/_ext/912498863/sys_devcon.o
 .debug_abbrev  0x000021ae      0x162 build/pic32mx795_pim_e16_int_dyn/production/_ext/912498863/sys_devcon_pic32mx.o
 .debug_abbrev  0x00002310      0x1d0 build/pic32mx795_pim_e16_int_dyn/production/_ext/711155467/sys_int_pic32.o
 .debug_abbrev  0x000024e0      0x22f build/pic32mx795_pim_e16_int_dyn/production/_ext/1653354328/sys_ports.o
 .debug_abbrev  0x0000270f      0x3fb build/pic32mx795_pim_e16_int_dyn/production/_ext/692885480/usb_device.o
 .debug_abbrev  0x00002b0a      0x450 build/pic32mx795_pim_e16_int_dyn/production/_ext/692885480/usb_device_cdc.o
 .debug_abbrev  0x00002f5a      0x1aa build/pic32mx795_pim_e16_int_dyn/production/_ext/692885480/usb_device_cdc_acm.o
 .debug_abbrev  0x00003104       0x28 /Applications/Microchip/XC32/bin/bin/../../lib/gcc/pic32mx/4.8.3/../../../../pic32mx/lib/libpic32.a(default-bootstrap-exception-handler.o)
 .debug_abbrev  0x0000312c       0x28 /Applications/Microchip/XC32/bin/bin/../../lib/gcc/pic32mx/4.8.3/../../../../pic32mx/lib/libpic32.a(default-on-reset.o)
 .debug_abbrev  0x00003154       0x28 /Applications/Microchip/XC32/bin/bin/../../lib/gcc/pic32mx/4.8.3/../../../../pic32mx/lib/libpic32.a(default-on-bootstrap.o)
 .debug_abbrev  0x0000317c       0x28 /Applications/Microchip/XC32/bin/bin/../../lib/gcc/pic32mx/4.8.3/../../../../pic32mx/lib/libpic32.a(defaultinterrupt.o)
 .debug_abbrev  0x000031a4       0x28 /Applications/Microchip/XC32/bin/bin/../../lib/gcc/pic32mx/4.8.3/../../../../pic32mx/lib/libc.a(sscanf_cdnopuxX.eo)
 .debug_abbrev  0x000031cc       0x3c /Applications/Microchip/XC32/bin/bin/../../lib/gcc/pic32mx/4.8.3/../../../../pic32mx/lib/libc.a(doscan_cdnopuxX.eo)
 .debug_abbrev  0x00003208       0x28 /Applications/Microchip/XC32/bin/bin/../../lib/gcc/pic32mx/4.8.3/../../../../pic32mx/lib/libc.a(fgetc.o)
 .debug_abbrev  0x00003230       0x28 /Applications/Microchip/XC32/bin/bin/../../lib/gcc/pic32mx/4.8.3/../../../../pic32mx/lib/libc.a(atoi.o)
 .debug_abbrev  0x00003258       0x28 /Applications/Microchip/XC32/bin/bin/../../lib/gcc/pic32mx/4.8.3/../../../../pic32mx/lib/libc.a(ctypef.o)
 .debug_abbrev  0x00003280       0x28 /Applications/Microchip/XC32/bin/bin/../../lib/gcc/pic32mx/4.8.3/../../../../pic32mx/lib/libc.a(ungetc.o)
 .debug_abbrev  0x000032a8       0x28 /Applications/Microchip/XC32/bin/bin/../../lib/gcc/pic32mx/4.8.3/../../../../pic32mx/lib/libc.a(filbuf.o)
 .debug_abbrev  0x000032d0       0x28 /Applications/Microchip/XC32/bin/bin/../../lib/gcc/pic32mx/4.8.3/../../../../pic32mx/lib/libc.a(fflush.o)
 .debug_abbrev  0x000032f8       0x28 /Applications/Microchip/XC32/bin/bin/../../lib/gcc/pic32mx/4.8.3/../../../../pic32mx/lib/libpic32.a(read.o)
 .debug_abbrev  0x00003320       0x28 /Applications/Microchip/XC32/bin/bin/../../lib/gcc/pic32mx/4.8.3/../../../../pic32mx/lib/libpic32.a(write.o)
 .debug_abbrev  0x00003348       0x28 /Applications/Microchip/XC32/bin/bin/../../lib/gcc/pic32mx/4.8.3/../../../../pic32mx/lib/libpic32.a(_mon_putc.o)

.debug_line     0x00000000     0x8369
 *(.debug_line)
 .debug_line    0x00000000      0x477 build/pic32mx795_pim_e16_int_dyn/production/_ext/1252289623/sys_clk_static.o
 .debug_line    0x00000477      0x12a build/pic32mx795_pim_e16_int_dyn/production/_ext/633097401/sys_ports_static.o
 .debug_line    0x000005a1      0x979 build/pic32mx795_pim_e16_int_dyn/production/_ext/1856320864/system_init.o
 .debug_line    0x00000f1a      0x281 build/pic32mx795_pim_e16_int_dyn/production/_ext/1856320864/system_interrupt.o
 .debug_line    0x0000119b      0x2c1 build/pic32mx795_pim_e16_int_dyn/production/_ext/1856320864/system_exceptions.o
 .debug_line    0x0000145c      0x311 build/pic32mx795_pim_e16_int_dyn/production/_ext/1856320864/system_tasks.o
 .debug_line    0x0000176d      0x54d build/pic32mx795_pim_e16_int_dyn/production/_ext/1360937237/app.o
 .debug_line    0x00001cba       0xe9 build/pic32mx795_pim_e16_int_dyn/production/_ext/1360937237/main.o
 .debug_line    0x00001da3      0x109 build/pic32mx795_pim_e16_int_dyn/production/_ext/1360937237/motor_control.o
 .debug_line    0x00001eac      0x305 build/pic32mx795_pim_e16_int_dyn/production/_ext/819416189/bsp_sys_init.o
 .debug_line    0x000021b1     0x10df build/pic32mx795_pim_e16_int_dyn/production/_ext/1927798604/drv_usart.o
 .debug_line    0x00003290      0x7ee build/pic32mx795_pim_e16_int_dyn/production/_ext/1927798604/drv_usart_read_write.o
 .debug_line    0x00003a7e      0x980 build/pic32mx795_pim_e16_int_dyn/production/_ext/1585079243/drv_usbfs.o
 .debug_line    0x000043fe      0xf7a build/pic32mx795_pim_e16_int_dyn/production/_ext/1585079243/drv_usbfs_device.o
 .debug_line    0x00005378      0x67e build/pic32mx795_pim_e16_int_dyn/production/_ext/912498863/sys_devcon.o
 .debug_line    0x000059f6      0x3cb build/pic32mx795_pim_e16_int_dyn/production/_ext/912498863/sys_devcon_pic32mx.o
 .debug_line    0x00005dc1      0x3c2 build/pic32mx795_pim_e16_int_dyn/production/_ext/711155467/sys_int_pic32.o
 .debug_line    0x00006183      0x7f4 build/pic32mx795_pim_e16_int_dyn/production/_ext/1653354328/sys_ports.o
 .debug_line    0x00006977      0x96f build/pic32mx795_pim_e16_int_dyn/production/_ext/692885480/usb_device.o
 .debug_line    0x000072e6      0x706 build/pic32mx795_pim_e16_int_dyn/production/_ext/692885480/usb_device_cdc.o
 .debug_line    0x000079ec      0x259 build/pic32mx795_pim_e16_int_dyn/production/_ext/692885480/usb_device_cdc_acm.o
 .debug_line    0x00007c45       0x97 /Applications/Microchip/XC32/bin/bin/../../lib/gcc/pic32mx/4.8.3/../../../../pic32mx/lib/libpic32.a(default-bootstrap-exception-handler.o)
 .debug_line    0x00007cdc       0x84 /Applications/Microchip/XC32/bin/bin/../../lib/gcc/pic32mx/4.8.3/../../../../pic32mx/lib/libpic32.a(default-on-reset.o)
 .debug_line    0x00007d60       0x88 /Applications/Microchip/XC32/bin/bin/../../lib/gcc/pic32mx/4.8.3/../../../../pic32mx/lib/libpic32.a(default-on-bootstrap.o)
 .debug_line    0x00007de8       0x96 /Applications/Microchip/XC32/bin/bin/../../lib/gcc/pic32mx/4.8.3/../../../../pic32mx/lib/libpic32.a(defaultinterrupt.o)
 .debug_line    0x00007e7e       0x70 /Applications/Microchip/XC32/bin/bin/../../lib/gcc/pic32mx/4.8.3/../../../../pic32mx/lib/libc.a(sscanf_cdnopuxX.eo)
 .debug_line    0x00007eee       0x70 /Applications/Microchip/XC32/bin/bin/../../lib/gcc/pic32mx/4.8.3/../../../../pic32mx/lib/libc.a(doscan_cdnopuxX.eo)
 .debug_line    0x00007f5e       0x6f /Applications/Microchip/XC32/bin/bin/../../lib/gcc/pic32mx/4.8.3/../../../../pic32mx/lib/libc.a(fgetc.o)
 .debug_line    0x00007fcd       0x6e /Applications/Microchip/XC32/bin/bin/../../lib/gcc/pic32mx/4.8.3/../../../../pic32mx/lib/libc.a(atoi.o)
 .debug_line    0x0000803b        0x0 /Applications/Microchip/XC32/bin/bin/../../lib/gcc/pic32mx/4.8.3/../../../../pic32mx/lib/libc.a(ctype.o)
 .debug_line    0x0000803b       0x70 /Applications/Microchip/XC32/bin/bin/../../lib/gcc/pic32mx/4.8.3/../../../../pic32mx/lib/libc.a(ctypef.o)
 .debug_line    0x000080ab       0x70 /Applications/Microchip/XC32/bin/bin/../../lib/gcc/pic32mx/4.8.3/../../../../pic32mx/lib/libc.a(ungetc.o)
 .debug_line    0x0000811b       0x70 /Applications/Microchip/XC32/bin/bin/../../lib/gcc/pic32mx/4.8.3/../../../../pic32mx/lib/libc.a(filbuf.o)
 .debug_line    0x0000818b       0x70 /Applications/Microchip/XC32/bin/bin/../../lib/gcc/pic32mx/4.8.3/../../../../pic32mx/lib/libc.a(fflush.o)
 .debug_line    0x000081fb        0x0 /Applications/Microchip/XC32/bin/bin/../../lib/gcc/pic32mx/4.8.3/../../../../pic32mx/lib/libc.a(_iob.o)
 .debug_line    0x000081fb       0x78 /Applications/Microchip/XC32/bin/bin/../../lib/gcc/pic32mx/4.8.3/../../../../pic32mx/lib/libpic32.a(read.o)
 .debug_line    0x00008273       0x79 /Applications/Microchip/XC32/bin/bin/../../lib/gcc/pic32mx/4.8.3/../../../../pic32mx/lib/libpic32.a(write.o)
 .debug_line    0x000082ec        0x0 /Applications/Microchip/XC32/bin/bin/../../lib/gcc/pic32mx/4.8.3/../../../../pic32mx/lib/libpic32.a(xc32_uart.o)
 .debug_line    0x000082ec       0x7d /Applications/Microchip/XC32/bin/bin/../../lib/gcc/pic32mx/4.8.3/../../../../pic32mx/lib/libpic32.a(_mon_putc.o)

.debug_frame    0x00000000     0x1548
 *(.debug_frame)
 .debug_frame   0x00000000       0xa0 build/pic32mx795_pim_e16_int_dyn/production/_ext/1252289623/sys_clk_static.o
 .debug_frame   0x000000a0       0x20 build/pic32mx795_pim_e16_int_dyn/production/_ext/633097401/sys_ports_static.o
 .debug_frame   0x000000c0       0x2c build/pic32mx795_pim_e16_int_dyn/production/_ext/1856320864/system_init.o
 .debug_frame   0x000000ec       0xbc build/pic32mx795_pim_e16_int_dyn/production/_ext/1856320864/system_interrupt.o
 .debug_frame   0x000001a8       0x28 build/pic32mx795_pim_e16_int_dyn/production/_ext/1856320864/system_exceptions.o
 .debug_frame   0x000001d0       0x28 build/pic32mx795_pim_e16_int_dyn/production/_ext/1856320864/system_tasks.o
 .debug_frame   0x000001f8       0x90 build/pic32mx795_pim_e16_int_dyn/production/_ext/1360937237/app.o
 .debug_frame   0x00000288       0x28 build/pic32mx795_pim_e16_int_dyn/production/_ext/1360937237/main.o
 .debug_frame   0x000002b0       0x30 build/pic32mx795_pim_e16_int_dyn/production/_ext/1360937237/motor_control.o
 .debug_frame   0x000002e0       0xa0 build/pic32mx795_pim_e16_int_dyn/production/_ext/819416189/bsp_sys_init.o
 .debug_frame   0x00000380      0x24c build/pic32mx795_pim_e16_int_dyn/production/_ext/1927798604/drv_usart.o
 .debug_frame   0x000005cc       0x50 build/pic32mx795_pim_e16_int_dyn/production/_ext/1927798604/drv_usart_read_write.o
 .debug_frame   0x0000061c       0xe8 build/pic32mx795_pim_e16_int_dyn/production/_ext/1585079243/drv_usbfs.o
 .debug_frame   0x00000704      0x1d8 build/pic32mx795_pim_e16_int_dyn/production/_ext/1585079243/drv_usbfs_device.o
 .debug_frame   0x000008dc       0xe8 build/pic32mx795_pim_e16_int_dyn/production/_ext/912498863/sys_devcon.o
 .debug_frame   0x000009c4       0x28 build/pic32mx795_pim_e16_int_dyn/production/_ext/912498863/sys_devcon_pic32mx.o
 .debug_frame   0x000009ec       0x90 build/pic32mx795_pim_e16_int_dyn/production/_ext/711155467/sys_int_pic32.o
 .debug_frame   0x00000a7c      0x1e0 build/pic32mx795_pim_e16_int_dyn/production/_ext/1653354328/sys_ports.o
 .debug_frame   0x00000c5c      0x3d8 build/pic32mx795_pim_e16_int_dyn/production/_ext/692885480/usb_device.o
 .debug_frame   0x00001034      0x15c build/pic32mx795_pim_e16_int_dyn/production/_ext/692885480/usb_device_cdc.o
 .debug_frame   0x00001190       0x28 build/pic32mx795_pim_e16_int_dyn/production/_ext/692885480/usb_device_cdc_acm.o
 .debug_frame   0x000011b8       0x2c /Applications/Microchip/XC32/bin/bin/../../lib/gcc/pic32mx/4.8.3/../../../../pic32mx/lib/libpic32.a(default-bootstrap-exception-handler.o)
 .debug_frame   0x000011e4       0x20 /Applications/Microchip/XC32/bin/bin/../../lib/gcc/pic32mx/4.8.3/../../../../pic32mx/lib/libpic32.a(default-on-reset.o)
 .debug_frame   0x00001204       0x20 /Applications/Microchip/XC32/bin/bin/../../lib/gcc/pic32mx/4.8.3/../../../../pic32mx/lib/libpic32.a(default-on-bootstrap.o)
 .debug_frame   0x00001224       0x20 /Applications/Microchip/XC32/bin/bin/../../lib/gcc/pic32mx/4.8.3/../../../../pic32mx/lib/libpic32.a(defaultinterrupt.o)
 .debug_frame   0x00001244       0x28 /Applications/Microchip/XC32/bin/bin/../../lib/gcc/pic32mx/4.8.3/../../../../pic32mx/lib/libc.a(sscanf_cdnopuxX.eo)
 .debug_frame   0x0000126c       0x6c /Applications/Microchip/XC32/bin/bin/../../lib/gcc/pic32mx/4.8.3/../../../../pic32mx/lib/libc.a(doscan_cdnopuxX.eo)
 .debug_frame   0x000012d8       0x2c /Applications/Microchip/XC32/bin/bin/../../lib/gcc/pic32mx/4.8.3/../../../../pic32mx/lib/libc.a(fgetc.o)
 .debug_frame   0x00001304       0x20 /Applications/Microchip/XC32/bin/bin/../../lib/gcc/pic32mx/4.8.3/../../../../pic32mx/lib/libc.a(atoi.o)
 .debug_frame   0x00001324      0x120 /Applications/Microchip/XC32/bin/bin/../../lib/gcc/pic32mx/4.8.3/../../../../pic32mx/lib/libc.a(ctypef.o)
 .debug_frame   0x00001444       0x20 /Applications/Microchip/XC32/bin/bin/../../lib/gcc/pic32mx/4.8.3/../../../../pic32mx/lib/libc.a(ungetc.o)
 .debug_frame   0x00001464       0x30 /Applications/Microchip/XC32/bin/bin/../../lib/gcc/pic32mx/4.8.3/../../../../pic32mx/lib/libc.a(filbuf.o)
 .debug_frame   0x00001494       0x28 /Applications/Microchip/XC32/bin/bin/../../lib/gcc/pic32mx/4.8.3/../../../../pic32mx/lib/libc.a(fflush.o)
 .debug_frame   0x000014bc       0x2c /Applications/Microchip/XC32/bin/bin/../../lib/gcc/pic32mx/4.8.3/../../../../pic32mx/lib/libpic32.a(read.o)
 .debug_frame   0x000014e8       0x38 /Applications/Microchip/XC32/bin/bin/../../lib/gcc/pic32mx/4.8.3/../../../../pic32mx/lib/libpic32.a(write.o)
 .debug_frame   0x00001520       0x28 /Applications/Microchip/XC32/bin/bin/../../lib/gcc/pic32mx/4.8.3/../../../../pic32mx/lib/libpic32.a(_mon_putc.o)

.debug_str      0x00000000      0xb86
 *(.debug_str)
 .debug_str     0x00000000       0x39 build/pic32mx795_pim_e16_int_dyn/production/_ext/1252289623/sys_clk_static.o
 .debug_str     0x00000039        0x0 build/pic32mx795_pim_e16_int_dyn/production/_ext/633097401/sys_ports_static.o
 .debug_str     0x00000039      0x119 build/pic32mx795_pim_e16_int_dyn/production/_ext/1856320864/system_init.o
 .debug_str     0x00000152        0x0 build/pic32mx795_pim_e16_int_dyn/production/_ext/1856320864/system_interrupt.o
 .debug_str     0x00000152        0x0 build/pic32mx795_pim_e16_int_dyn/production/_ext/1856320864/system_exceptions.o
 .debug_str     0x00000152        0x0 build/pic32mx795_pim_e16_int_dyn/production/_ext/1856320864/system_tasks.o
 .debug_str     0x00000152       0xd1 build/pic32mx795_pim_e16_int_dyn/production/_ext/1360937237/app.o
 .debug_str     0x00000223        0x0 build/pic32mx795_pim_e16_int_dyn/production/_ext/1360937237/main.o
 .debug_str     0x00000223        0x0 build/pic32mx795_pim_e16_int_dyn/production/_ext/1360937237/motor_control.o
 .debug_str     0x00000223       0x15 build/pic32mx795_pim_e16_int_dyn/production/_ext/819416189/bsp_sys_init.o
 .debug_str     0x00000238      0x1b5 build/pic32mx795_pim_e16_int_dyn/production/_ext/1927798604/drv_usart.o
 .debug_str     0x000003ed       0x65 build/pic32mx795_pim_e16_int_dyn/production/_ext/1927798604/drv_usart_read_write.o
 .debug_str     0x00000452       0xa2 build/pic32mx795_pim_e16_int_dyn/production/_ext/1585079243/drv_usbfs.o
 .debug_str     0x000004f4      0x179 build/pic32mx795_pim_e16_int_dyn/production/_ext/1585079243/drv_usbfs_device.o
 .debug_str     0x0000066d       0x16 build/pic32mx795_pim_e16_int_dyn/production/_ext/912498863/sys_devcon.o
 .debug_str     0x00000683        0x6 build/pic32mx795_pim_e16_int_dyn/production/_ext/912498863/sys_devcon_pic32mx.o
 .debug_str     0x00000689       0x2d build/pic32mx795_pim_e16_int_dyn/production/_ext/711155467/sys_int_pic32.o
 .debug_str     0x000006b6       0x98 build/pic32mx795_pim_e16_int_dyn/production/_ext/1653354328/sys_ports.o
 .debug_str     0x0000074e      0x29f build/pic32mx795_pim_e16_int_dyn/production/_ext/692885480/usb_device.o
 .debug_str     0x000009ed      0x18b build/pic32mx795_pim_e16_int_dyn/production/_ext/692885480/usb_device_cdc.o
 .debug_str     0x00000b78        0xe build/pic32mx795_pim_e16_int_dyn/production/_ext/692885480/usb_device_cdc_acm.o
 .debug_str     0x00000b86        0x0 /Applications/Microchip/XC32/bin/bin/../../lib/gcc/pic32mx/4.8.3/../../../../pic32mx/lib/libpic32.a(default-bootstrap-exception-handler.o)
 .debug_str     0x00000b86        0x0 /Applications/Microchip/XC32/bin/bin/../../lib/gcc/pic32mx/4.8.3/../../../../pic32mx/lib/libpic32.a(default-on-reset.o)
 .debug_str     0x00000b86        0x0 /Applications/Microchip/XC32/bin/bin/../../lib/gcc/pic32mx/4.8.3/../../../../pic32mx/lib/libpic32.a(default-on-bootstrap.o)
 .debug_str     0x00000b86        0x0 /Applications/Microchip/XC32/bin/bin/../../lib/gcc/pic32mx/4.8.3/../../../../pic32mx/lib/libpic32.a(defaultinterrupt.o)
 .debug_str     0x00000b86        0x0 /Applications/Microchip/XC32/bin/bin/../../lib/gcc/pic32mx/4.8.3/../../../../pic32mx/lib/libc.a(sscanf_cdnopuxX.eo)
 .debug_str     0x00000b86        0x0 /Applications/Microchip/XC32/bin/bin/../../lib/gcc/pic32mx/4.8.3/../../../../pic32mx/lib/libc.a(doscan_cdnopuxX.eo)
 .debug_str     0x00000b86        0x0 /Applications/Microchip/XC32/bin/bin/../../lib/gcc/pic32mx/4.8.3/../../../../pic32mx/lib/libc.a(fgetc.o)
 .debug_str     0x00000b86        0x0 /Applications/Microchip/XC32/bin/bin/../../lib/gcc/pic32mx/4.8.3/../../../../pic32mx/lib/libc.a(atoi.o)
 .debug_str     0x00000b86        0x0 /Applications/Microchip/XC32/bin/bin/../../lib/gcc/pic32mx/4.8.3/../../../../pic32mx/lib/libc.a(ctype.o)
 .debug_str     0x00000b86        0x0 /Applications/Microchip/XC32/bin/bin/../../lib/gcc/pic32mx/4.8.3/../../../../pic32mx/lib/libc.a(ctypef.o)
 .debug_str     0x00000b86        0x0 /Applications/Microchip/XC32/bin/bin/../../lib/gcc/pic32mx/4.8.3/../../../../pic32mx/lib/libc.a(ungetc.o)
 .debug_str     0x00000b86        0x0 /Applications/Microchip/XC32/bin/bin/../../lib/gcc/pic32mx/4.8.3/../../../../pic32mx/lib/libc.a(filbuf.o)
 .debug_str     0x00000b86        0x0 /Applications/Microchip/XC32/bin/bin/../../lib/gcc/pic32mx/4.8.3/../../../../pic32mx/lib/libc.a(fflush.o)
 .debug_str     0x00000b86        0x0 /Applications/Microchip/XC32/bin/bin/../../lib/gcc/pic32mx/4.8.3/../../../../pic32mx/lib/libc.a(_iob.o)
 .debug_str     0x00000b86        0x0 /Applications/Microchip/XC32/bin/bin/../../lib/gcc/pic32mx/4.8.3/../../../../pic32mx/lib/libpic32.a(read.o)
 .debug_str     0x00000b86        0x0 /Applications/Microchip/XC32/bin/bin/../../lib/gcc/pic32mx/4.8.3/../../../../pic32mx/lib/libpic32.a(write.o)
 .debug_str     0x00000b86        0x0 /Applications/Microchip/XC32/bin/bin/../../lib/gcc/pic32mx/4.8.3/../../../../pic32mx/lib/libpic32.a(xc32_uart.o)
 .debug_str     0x00000b86        0x0 /Applications/Microchip/XC32/bin/bin/../../lib/gcc/pic32mx/4.8.3/../../../../pic32mx/lib/libpic32.a(_mon_putc.o)

.debug_loc      0x00000000     0xa3ad
 *(.debug_loc)
 .debug_loc     0x00000000       0x49 build/pic32mx795_pim_e16_int_dyn/production/_ext/1252289623/sys_clk_static.o
 .debug_loc     0x00000049       0x21 build/pic32mx795_pim_e16_int_dyn/production/_ext/1856320864/system_init.o
 .debug_loc     0x0000006a      0x2fb build/pic32mx795_pim_e16_int_dyn/production/_ext/1360937237/app.o
 .debug_loc     0x00000365       0x49 build/pic32mx795_pim_e16_int_dyn/production/_ext/819416189/bsp_sys_init.o
 .debug_loc     0x000003ae     0x2c85 build/pic32mx795_pim_e16_int_dyn/production/_ext/1927798604/drv_usart.o
 .debug_loc     0x00003033      0xa59 build/pic32mx795_pim_e16_int_dyn/production/_ext/1927798604/drv_usart_read_write.o
 .debug_loc     0x00003a8c      0x668 build/pic32mx795_pim_e16_int_dyn/production/_ext/1585079243/drv_usbfs.o
 .debug_loc     0x000040f4     0x285a build/pic32mx795_pim_e16_int_dyn/production/_ext/1585079243/drv_usbfs_device.o
 .debug_loc     0x0000694e       0xf0 build/pic32mx795_pim_e16_int_dyn/production/_ext/912498863/sys_devcon.o
 .debug_loc     0x00006a3e       0x91 build/pic32mx795_pim_e16_int_dyn/production/_ext/912498863/sys_devcon_pic32mx.o
 .debug_loc     0x00006acf       0x8d build/pic32mx795_pim_e16_int_dyn/production/_ext/711155467/sys_int_pic32.o
 .debug_loc     0x00006b5c      0xe83 build/pic32mx795_pim_e16_int_dyn/production/_ext/1653354328/sys_ports.o
 .debug_loc     0x000079df     0x1aa8 build/pic32mx795_pim_e16_int_dyn/production/_ext/692885480/usb_device.o
 .debug_loc     0x00009487      0xda4 build/pic32mx795_pim_e16_int_dyn/production/_ext/692885480/usb_device_cdc.o
 .debug_loc     0x0000a22b      0x182 build/pic32mx795_pim_e16_int_dyn/production/_ext/692885480/usb_device_cdc_acm.o

.debug_macinfo
 *(.debug_macinfo)

.debug_weaknames
 *(.debug_weaknames)

.debug_funcnames
 *(.debug_funcnames)

.debug_typenames
 *(.debug_typenames)

.debug_varnames
 *(.debug_varnames)

.debug_pubtypes
 *(.debug_pubtypes)

.debug_ranges   0x00000000     0x1140
 *(.debug_ranges)
 .debug_ranges  0x00000000       0x40 build/pic32mx795_pim_e16_int_dyn/production/_ext/1252289623/sys_clk_static.o
 .debug_ranges  0x00000040       0x10 build/pic32mx795_pim_e16_int_dyn/production/_ext/633097401/sys_ports_static.o
 .debug_ranges  0x00000050       0x10 build/pic32mx795_pim_e16_int_dyn/production/_ext/1856320864/system_init.o
 .debug_ranges  0x00000060       0x18 build/pic32mx795_pim_e16_int_dyn/production/_ext/1856320864/system_interrupt.o
 .debug_ranges  0x00000078       0x10 build/pic32mx795_pim_e16_int_dyn/production/_ext/1856320864/system_exceptions.o
 .debug_ranges  0x00000088       0x10 build/pic32mx795_pim_e16_int_dyn/production/_ext/1856320864/system_tasks.o
 .debug_ranges  0x00000098       0x30 build/pic32mx795_pim_e16_int_dyn/production/_ext/1360937237/app.o
 .debug_ranges  0x000000c8       0x10 build/pic32mx795_pim_e16_int_dyn/production/_ext/1360937237/main.o
 .debug_ranges  0x000000d8       0x18 build/pic32mx795_pim_e16_int_dyn/production/_ext/1360937237/motor_control.o
 .debug_ranges  0x000000f0       0x50 build/pic32mx795_pim_e16_int_dyn/production/_ext/819416189/bsp_sys_init.o
 .debug_ranges  0x00000140      0x6e0 build/pic32mx795_pim_e16_int_dyn/production/_ext/1927798604/drv_usart.o
 .debug_ranges  0x00000820      0x1c0 build/pic32mx795_pim_e16_int_dyn/production/_ext/1927798604/drv_usart_read_write.o
 .debug_ranges  0x000009e0       0x78 build/pic32mx795_pim_e16_int_dyn/production/_ext/1585079243/drv_usbfs.o
 .debug_ranges  0x00000a58      0x1e8 build/pic32mx795_pim_e16_int_dyn/production/_ext/1585079243/drv_usbfs_device.o
 .debug_ranges  0x00000c40       0x68 build/pic32mx795_pim_e16_int_dyn/production/_ext/912498863/sys_devcon.o
 .debug_ranges  0x00000ca8       0x10 build/pic32mx795_pim_e16_int_dyn/production/_ext/912498863/sys_devcon_pic32mx.o
 .debug_ranges  0x00000cb8       0x50 build/pic32mx795_pim_e16_int_dyn/production/_ext/711155467/sys_int_pic32.o
 .debug_ranges  0x00000d08       0xf0 build/pic32mx795_pim_e16_int_dyn/production/_ext/1653354328/sys_ports.o
 .debug_ranges  0x00000df8      0x140 build/pic32mx795_pim_e16_int_dyn/production/_ext/692885480/usb_device.o
 .debug_ranges  0x00000f38       0x78 build/pic32mx795_pim_e16_int_dyn/production/_ext/692885480/usb_device_cdc.o
 .debug_ranges  0x00000fb0       0x10 build/pic32mx795_pim_e16_int_dyn/production/_ext/692885480/usb_device_cdc_acm.o
 .debug_ranges  0x00000fc0       0x10 /Applications/Microchip/XC32/bin/bin/../../lib/gcc/pic32mx/4.8.3/../../../../pic32mx/lib/libpic32.a(default-bootstrap-exception-handler.o)
 .debug_ranges  0x00000fd0       0x10 /Applications/Microchip/XC32/bin/bin/../../lib/gcc/pic32mx/4.8.3/../../../../pic32mx/lib/libpic32.a(default-on-reset.o)
 .debug_ranges  0x00000fe0       0x10 /Applications/Microchip/XC32/bin/bin/../../lib/gcc/pic32mx/4.8.3/../../../../pic32mx/lib/libpic32.a(default-on-bootstrap.o)
 .debug_ranges  0x00000ff0       0x10 /Applications/Microchip/XC32/bin/bin/../../lib/gcc/pic32mx/4.8.3/../../../../pic32mx/lib/libpic32.a(defaultinterrupt.o)
 .debug_ranges  0x00001000       0x10 /Applications/Microchip/XC32/bin/bin/../../lib/gcc/pic32mx/4.8.3/../../../../pic32mx/lib/libc.a(sscanf_cdnopuxX.eo)
 .debug_ranges  0x00001010       0x20 /Applications/Microchip/XC32/bin/bin/../../lib/gcc/pic32mx/4.8.3/../../../../pic32mx/lib/libc.a(doscan_cdnopuxX.eo)
 .debug_ranges  0x00001030       0x10 /Applications/Microchip/XC32/bin/bin/../../lib/gcc/pic32mx/4.8.3/../../../../pic32mx/lib/libc.a(fgetc.o)
 .debug_ranges  0x00001040       0x10 /Applications/Microchip/XC32/bin/bin/../../lib/gcc/pic32mx/4.8.3/../../../../pic32mx/lib/libc.a(atoi.o)
 .debug_ranges  0x00001050       0x90 /Applications/Microchip/XC32/bin/bin/../../lib/gcc/pic32mx/4.8.3/../../../../pic32mx/lib/libc.a(ctypef.o)
 .debug_ranges  0x000010e0       0x10 /Applications/Microchip/XC32/bin/bin/../../lib/gcc/pic32mx/4.8.3/../../../../pic32mx/lib/libc.a(ungetc.o)
 .debug_ranges  0x000010f0       0x10 /Applications/Microchip/XC32/bin/bin/../../lib/gcc/pic32mx/4.8.3/../../../../pic32mx/lib/libc.a(filbuf.o)
 .debug_ranges  0x00001100       0x10 /Applications/Microchip/XC32/bin/bin/../../lib/gcc/pic32mx/4.8.3/../../../../pic32mx/lib/libc.a(fflush.o)
 .debug_ranges  0x00001110       0x10 /Applications/Microchip/XC32/bin/bin/../../lib/gcc/pic32mx/4.8.3/../../../../pic32mx/lib/libpic32.a(read.o)
 .debug_ranges  0x00001120       0x10 /Applications/Microchip/XC32/bin/bin/../../lib/gcc/pic32mx/4.8.3/../../../../pic32mx/lib/libpic32.a(write.o)
 .debug_ranges  0x00001130       0x10 /Applications/Microchip/XC32/bin/bin/../../lib/gcc/pic32mx/4.8.3/../../../../pic32mx/lib/libpic32.a(_mon_putc.o)

.gnu.attributes
                0x00000000       0x10
 *(.gnu.attributes)
 .gnu.attributes
                0x00000000       0x10 build/pic32mx795_pim_e16_int_dyn/production/_ext/1252289623/sys_clk_static.o
 .gnu.attributes
                0x00000010       0x10 build/pic32mx795_pim_e16_int_dyn/production/_ext/633097401/sys_ports_static.o
 .gnu.attributes
                0x00000020       0x10 build/pic32mx795_pim_e16_int_dyn/production/_ext/1856320864/system_init.o
 .gnu.attributes
                0x00000030       0x10 build/pic32mx795_pim_e16_int_dyn/production/_ext/1856320864/system_interrupt.o
 .gnu.attributes
                0x00000040       0x10 build/pic32mx795_pim_e16_int_dyn/production/_ext/1856320864/system_exceptions.o
 .gnu.attributes
                0x00000050       0x10 build/pic32mx795_pim_e16_int_dyn/production/_ext/1856320864/system_tasks.o
 .gnu.attributes
                0x00000060       0x10 build/pic32mx795_pim_e16_int_dyn/production/_ext/1360937237/app.o
 .gnu.attributes
                0x00000070       0x10 build/pic32mx795_pim_e16_int_dyn/production/_ext/1360937237/main.o
 .gnu.attributes
                0x00000080       0x10 build/pic32mx795_pim_e16_int_dyn/production/_ext/1360937237/motor_control.o
 .gnu.attributes
                0x00000090       0x10 build/pic32mx795_pim_e16_int_dyn/production/_ext/819416189/bsp_sys_init.o
 .gnu.attributes
                0x000000a0       0x10 build/pic32mx795_pim_e16_int_dyn/production/_ext/1927798604/drv_usart.o
 .gnu.attributes
                0x000000b0       0x10 build/pic32mx795_pim_e16_int_dyn/production/_ext/1927798604/drv_usart_read_write.o
 .gnu.attributes
                0x000000c0       0x10 build/pic32mx795_pim_e16_int_dyn/production/_ext/1585079243/drv_usbfs.o
 .gnu.attributes
                0x000000d0       0x10 build/pic32mx795_pim_e16_int_dyn/production/_ext/1585079243/drv_usbfs_device.o
 .gnu.attributes
                0x000000e0       0x10 build/pic32mx795_pim_e16_int_dyn/production/_ext/912498863/sys_devcon.o
 .gnu.attributes
                0x000000f0       0x10 build/pic32mx795_pim_e16_int_dyn/production/_ext/912498863/sys_devcon_pic32mx.o
 .gnu.attributes
                0x00000100       0x10 build/pic32mx795_pim_e16_int_dyn/production/_ext/711155467/sys_int_pic32.o
 .gnu.attributes
                0x00000110       0x10 build/pic32mx795_pim_e16_int_dyn/production/_ext/1653354328/sys_ports.o
 .gnu.attributes
                0x00000120       0x10 build/pic32mx795_pim_e16_int_dyn/production/_ext/692885480/usb_device.o
 .gnu.attributes
                0x00000130       0x10 build/pic32mx795_pim_e16_int_dyn/production/_ext/692885480/usb_device_cdc.o
 .gnu.attributes
                0x00000140       0x10 build/pic32mx795_pim_e16_int_dyn/production/_ext/692885480/usb_device_cdc_acm.o
 .gnu.attributes
                0x00000150       0x10 /Applications/Microchip/XC32/bin/bin/../../lib/gcc/pic32mx/4.8.3/../../../../pic32mx/lib/libpic32.a(default-bootstrap-exception-handler.o)
 .gnu.attributes
                0x00000160       0x10 /Applications/Microchip/XC32/bin/bin/../../lib/gcc/pic32mx/4.8.3/../../../../pic32mx/lib/libpic32.a(default-on-reset.o)
 .gnu.attributes
                0x00000170       0x10 /Applications/Microchip/XC32/bin/bin/../../lib/gcc/pic32mx/4.8.3/../../../../pic32mx/lib/libpic32.a(default-on-bootstrap.o)
 .gnu.attributes
                0x00000180       0x10 /Applications/Microchip/XC32/bin/bin/../../lib/gcc/pic32mx/4.8.3/../../../../pic32mx/lib/libpic32.a(defaultinterrupt.o)
 .gnu.attributes
                0x00000190       0x10 /Applications/Microchip/XC32/bin/bin/../../lib/gcc/pic32mx/4.8.3/../../../../pic32mx/lib/libc.a(sscanf_cdnopuxX.eo)
 .gnu.attributes
                0x000001a0       0x10 /Applications/Microchip/XC32/bin/bin/../../lib/gcc/pic32mx/4.8.3/../../../../pic32mx/lib/libc.a(doscan_cdnopuxX.eo)
 .gnu.attributes
                0x000001b0       0x10 /Applications/Microchip/XC32/bin/bin/../../lib/gcc/pic32mx/4.8.3/../../../../pic32mx/lib/libc.a(fgetc.o)
 .gnu.attributes
                0x000001c0       0x10 /Applications/Microchip/XC32/bin/bin/../../lib/gcc/pic32mx/4.8.3/../../../../pic32mx/lib/libc.a(atoi.o)
 .gnu.attributes
                0x000001d0       0x10 /Applications/Microchip/XC32/bin/bin/../../lib/gcc/pic32mx/4.8.3/../../../../pic32mx/lib/libc.a(ctype.o)
 .gnu.attributes
                0x000001e0       0x10 /Applications/Microchip/XC32/bin/bin/../../lib/gcc/pic32mx/4.8.3/../../../../pic32mx/lib/libc.a(ctypef.o)
 .gnu.attributes
                0x000001f0       0x10 /Applications/Microchip/XC32/bin/bin/../../lib/gcc/pic32mx/4.8.3/../../../../pic32mx/lib/libc.a(ungetc.o)
 .gnu.attributes
                0x00000200       0x10 /Applications/Microchip/XC32/bin/bin/../../lib/gcc/pic32mx/4.8.3/../../../../pic32mx/lib/libc.a(filbuf.o)
 .gnu.attributes
                0x00000210       0x10 /Applications/Microchip/XC32/bin/bin/../../lib/gcc/pic32mx/4.8.3/../../../../pic32mx/lib/libc.a(fflush.o)
 .gnu.attributes
                0x00000220       0x10 /Applications/Microchip/XC32/bin/bin/../../lib/gcc/pic32mx/4.8.3/../../../../pic32mx/lib/libc.a(_iob.o)
 .gnu.attributes
                0x00000230       0x10 /Applications/Microchip/XC32/bin/bin/../../lib/gcc/pic32mx/4.8.3/../../../../pic32mx/lib/libpic32.a(read.o)
 .gnu.attributes
                0x00000240       0x10 /Applications/Microchip/XC32/bin/bin/../../lib/gcc/pic32mx/4.8.3/../../../../pic32mx/lib/libpic32.a(write.o)
 .gnu.attributes
                0x00000250       0x10 /Applications/Microchip/XC32/bin/bin/../../lib/gcc/pic32mx/4.8.3/../../../../pic32mx/lib/libpic32.a(xc32_uart.o)
 .gnu.attributes
                0x00000260       0x10 /Applications/Microchip/XC32/bin/bin/../../lib/gcc/pic32mx/4.8.3/../../../../pic32mx/lib/libpic32.a(_mon_putc.o)
LOAD /Applications/Microchip/XC32/bin/bin/../../lib/gcc/pic32mx/4.8.3/libgcc.a
START GROUP
LOAD /Applications/Microchip/XC32/bin/bin/../../lib/gcc/pic32mx/4.8.3/../../../../pic32mx/lib/libpic32.a
LOAD /Applications/Microchip/XC32/bin/bin/../../lib/gcc/pic32mx/4.8.3/../../../../pic32mx/lib/libdebug.a
LOAD /Applications/Microchip/XC32/bin/bin/../../lib/gcc/pic32mx/4.8.3/../../../../pic32mx/lib/libpic32.a
LOAD /Applications/Microchip/XC32/bin/bin/../../lib/gcc/pic32mx/4.8.3/../../../../pic32mx/lib/libm.a
LOAD /Applications/Microchip/XC32/bin/bin/../../lib/gcc/pic32mx/4.8.3/../../../../pic32mx/lib/libe.a
LOAD /Applications/Microchip/XC32/bin/bin/../../lib/gcc/pic32mx/4.8.3/../../../../pic32mx/lib/libdsp.a
LOAD /Applications/Microchip/XC32/bin/bin/../../lib/gcc/pic32mx/4.8.3/libgcc.a
LOAD /Applications/Microchip/XC32/bin/bin/../../lib/gcc/pic32mx/4.8.3/../../../../pic32mx/lib/libc.a
LOAD /Applications/Microchip/XC32/bin/bin/../../lib/gcc/pic32mx/4.8.3/../../../../pic32mx/lib/libpic32.a
END GROUP
LOAD /Applications/Microchip/XC32/bin/bin/../../lib/gcc/pic32mx/4.8.3/libgcc.a
OUTPUT(dist/pic32mx795_pim_e16_int_dyn/production/cdc_serial_emulator.X.production.elf elf32-tradlittlemips)
LOAD stack
LOAD data_init

.reginfo        0x00000000       0x18
 .reginfo       0x00000000       0x18 /Applications/Microchip/XC32/bin/bin/../../lib/gcc/pic32mx/4.8.3/../../../../pic32mx/lib/./proc/32MX250F128B/crt0_mips32r2.o

.stack          0xa0000628      0x400
 .stack         0xa0000628      0x400 stack

.bss            0xa0000050       0xb8
 .bss           0xa0000050       0xb8 build/pic32mx795_pim_e16_int_dyn/production/_ext/692885480/usb_device.o

.data           0xa0000108       0xf0
 .data          0xa0000108       0xa4 /Applications/Microchip/XC32/bin/bin/../../lib/gcc/pic32mx/4.8.3/../../../../pic32mx/lib/libc.a(_iob.o)
                0xa0000108                _iob
                0xa00001a8                _Files
 .data          0xa00001ac       0x4c build/pic32mx795_pim_e16_int_dyn/production/_ext/1856320864/system_exceptions.o

.data           0xa0000578       0x4c
 .data          0xa0000578       0x4c build/pic32mx795_pim_e16_int_dyn/production/_ext/1585079243/drv_usbfs_device.o
                0xa0000578                gDrvUSBFSDeviceInterface

.bss            0xa00005c4       0x44
 .bss           0xa00005c4       0x44 /Applications/Microchip/XC32/bin/bin/../../lib/gcc/pic32mx/4.8.3/../../../../pic32mx/lib/libc.a(_iob.o)
                0xa00005c4                _outdone
                0xa00005c8                _sibuf
                0xa00005e8                _sobuf

.bss            0xa00001f8        0x4
 .bss           0xa00001f8        0x4 /Applications/Microchip/XC32/bin/bin/../../lib/gcc/pic32mx/4.8.3/../../../../pic32mx/lib/libc.a(doscan_cdnopuxX.eo)

._debug_exception
                0xbfc00480       0x2c
 ._debug_exception
                0xbfc00480       0x2c /Applications/Microchip/XC32/bin/bin/../../lib/gcc/pic32mx/4.8.3/../../../../pic32mx/lib/debug-exception-return.o
                0xbfc00480                __DbgExecReturn

.text._vfscanf_cdnopuxX
                0x9d000000      0x84c
 .text._vfscanf_cdnopuxX
                0x9d000000      0x84c /Applications/Microchip/XC32/bin/bin/../../lib/gcc/pic32mx/4.8.3/../../../../pic32mx/lib/libc.a(doscan_cdnopuxX.eo)
                0x9d000000                _vfscanf_cdnopuxX

.text._DRV_USBFS_DEVICE_Tasks_ISR
                0x9d00084c      0x760
 .text._DRV_USBFS_DEVICE_Tasks_ISR